Archive member included to satisfy reference by file (symbol)

c:/st/stm32cubeide_1.8.0/stm32cubeide/plugins/com.st.stm32cube.ide.mcu.externaltools.gnu-tools-for-stm32.10.3-2021.10.win32_1.0.0.202111181127/tools/bin/../lib/gcc/arm-none-eabi/10.3.1/../../../../arm-none-eabi/lib/thumb/v7-m/nofp\libc_nano.a(lib_a-errno.o)
                              ./Core/Src/syscalls.o (__errno)
c:/st/stm32cubeide_1.8.0/stm32cubeide/plugins/com.st.stm32cube.ide.mcu.externaltools.gnu-tools-for-stm32.10.3-2021.10.win32_1.0.0.202111181127/tools/bin/../lib/gcc/arm-none-eabi/10.3.1/../../../../arm-none-eabi/lib/thumb/v7-m/nofp\libc_nano.a(lib_a-exit.o)
                              c:/st/stm32cubeide_1.8.0/stm32cubeide/plugins/com.st.stm32cube.ide.mcu.externaltools.gnu-tools-for-stm32.10.3-2021.10.win32_1.0.0.202111181127/tools/bin/../lib/gcc/arm-none-eabi/10.3.1/../../../../arm-none-eabi/lib/thumb/v7-m/nofp/crt0.o (exit)
c:/st/stm32cubeide_1.8.0/stm32cubeide/plugins/com.st.stm32cube.ide.mcu.externaltools.gnu-tools-for-stm32.10.3-2021.10.win32_1.0.0.202111181127/tools/bin/../lib/gcc/arm-none-eabi/10.3.1/../../../../arm-none-eabi/lib/thumb/v7-m/nofp\libc_nano.a(lib_a-impure.o)
                              c:/st/stm32cubeide_1.8.0/stm32cubeide/plugins/com.st.stm32cube.ide.mcu.externaltools.gnu-tools-for-stm32.10.3-2021.10.win32_1.0.0.202111181127/tools/bin/../lib/gcc/arm-none-eabi/10.3.1/../../../../arm-none-eabi/lib/thumb/v7-m/nofp\libc_nano.a(lib_a-exit.o) (_global_impure_ptr)
c:/st/stm32cubeide_1.8.0/stm32cubeide/plugins/com.st.stm32cube.ide.mcu.externaltools.gnu-tools-for-stm32.10.3-2021.10.win32_1.0.0.202111181127/tools/bin/../lib/gcc/arm-none-eabi/10.3.1/../../../../arm-none-eabi/lib/thumb/v7-m/nofp\libc_nano.a(lib_a-init.o)
                              c:/st/stm32cubeide_1.8.0/stm32cubeide/plugins/com.st.stm32cube.ide.mcu.externaltools.gnu-tools-for-stm32.10.3-2021.10.win32_1.0.0.202111181127/tools/bin/../lib/gcc/arm-none-eabi/10.3.1/../../../../arm-none-eabi/lib/thumb/v7-m/nofp/crt0.o (__libc_init_array)
c:/st/stm32cubeide_1.8.0/stm32cubeide/plugins/com.st.stm32cube.ide.mcu.externaltools.gnu-tools-for-stm32.10.3-2021.10.win32_1.0.0.202111181127/tools/bin/../lib/gcc/arm-none-eabi/10.3.1/../../../../arm-none-eabi/lib/thumb/v7-m/nofp\libc_nano.a(lib_a-memcpy-stub.o)
                              ./Core/Src/communication.o (memcpy)
c:/st/stm32cubeide_1.8.0/stm32cubeide/plugins/com.st.stm32cube.ide.mcu.externaltools.gnu-tools-for-stm32.10.3-2021.10.win32_1.0.0.202111181127/tools/bin/../lib/gcc/arm-none-eabi/10.3.1/../../../../arm-none-eabi/lib/thumb/v7-m/nofp\libc_nano.a(lib_a-memset.o)
                              c:/st/stm32cubeide_1.8.0/stm32cubeide/plugins/com.st.stm32cube.ide.mcu.externaltools.gnu-tools-for-stm32.10.3-2021.10.win32_1.0.0.202111181127/tools/bin/../lib/gcc/arm-none-eabi/10.3.1/../../../../arm-none-eabi/lib/thumb/v7-m/nofp/crt0.o (memset)
c:/st/stm32cubeide_1.8.0/stm32cubeide/plugins/com.st.stm32cube.ide.mcu.externaltools.gnu-tools-for-stm32.10.3-2021.10.win32_1.0.0.202111181127/tools/bin/../lib/gcc/arm-none-eabi/10.3.1/thumb/v7-m/nofp\libgcc.a(_aeabi_uldivmod.o)
                              ./Drivers/STM32F1xx_HAL_Driver/Src/stm32f1xx_hal_rcc.o (__aeabi_uldivmod)
c:/st/stm32cubeide_1.8.0/stm32cubeide/plugins/com.st.stm32cube.ide.mcu.externaltools.gnu-tools-for-stm32.10.3-2021.10.win32_1.0.0.202111181127/tools/bin/../lib/gcc/arm-none-eabi/10.3.1/thumb/v7-m/nofp\libgcc.a(_udivmoddi4.o)
                              c:/st/stm32cubeide_1.8.0/stm32cubeide/plugins/com.st.stm32cube.ide.mcu.externaltools.gnu-tools-for-stm32.10.3-2021.10.win32_1.0.0.202111181127/tools/bin/../lib/gcc/arm-none-eabi/10.3.1/thumb/v7-m/nofp\libgcc.a(_aeabi_uldivmod.o) (__udivmoddi4)
c:/st/stm32cubeide_1.8.0/stm32cubeide/plugins/com.st.stm32cube.ide.mcu.externaltools.gnu-tools-for-stm32.10.3-2021.10.win32_1.0.0.202111181127/tools/bin/../lib/gcc/arm-none-eabi/10.3.1/thumb/v7-m/nofp\libgcc.a(_dvmd_tls.o)
                              c:/st/stm32cubeide_1.8.0/stm32cubeide/plugins/com.st.stm32cube.ide.mcu.externaltools.gnu-tools-for-stm32.10.3-2021.10.win32_1.0.0.202111181127/tools/bin/../lib/gcc/arm-none-eabi/10.3.1/thumb/v7-m/nofp\libgcc.a(_aeabi_uldivmod.o) (__aeabi_ldiv0)

Discarded input sections

 .text          0x0000000000000000        0x0 c:/st/stm32cubeide_1.8.0/stm32cubeide/plugins/com.st.stm32cube.ide.mcu.externaltools.gnu-tools-for-stm32.10.3-2021.10.win32_1.0.0.202111181127/tools/bin/../lib/gcc/arm-none-eabi/10.3.1/thumb/v7-m/nofp/crti.o
 .data          0x0000000000000000        0x0 c:/st/stm32cubeide_1.8.0/stm32cubeide/plugins/com.st.stm32cube.ide.mcu.externaltools.gnu-tools-for-stm32.10.3-2021.10.win32_1.0.0.202111181127/tools/bin/../lib/gcc/arm-none-eabi/10.3.1/thumb/v7-m/nofp/crti.o
[...]
Memory Configuration

Name             Origin             Length             Attributes
RAM              0x0000000020000000 0x0000000000010000 xrw
FLASH            0x0000000008000000 0x0000000000040000 xr
*default*        0x0000000000000000 0xffffffffffffffff

Linker script and memory map

LOAD c:/st/stm32cubeide_1.8.0/stm32cubeide/plugins/com.st.stm32cube.ide.mcu.externaltools.gnu-tools-for-stm32.10.3-2021.10.win32_1.0.0.202111181127/tools/bin/../lib/gcc/arm-none-eabi/10.3.1/thumb/v7-m/nofp/crti.o
LOAD c:/st/stm32cubeide_1.8.0/stm32cubeide/plugins/com.st.stm32cube.ide.mcu.externaltools.gnu-tools-for-stm32.10.3-2021.10.win32_1.0.0.202111181127/tools/bin/../lib/gcc/arm-none-eabi/10.3.1/thumb/v7-m/nofp/crtbegin.o
LOAD c:/st/stm32cubeide_1.8.0/stm32cubeide/plugins/com.st.stm32cube.ide.mcu.externaltools.gnu-tools-for-stm32.10.3-2021.10.win32_1.0.0.202111181127/tools/bin/../lib/gcc/arm-none-eabi/10.3.1/../../../../arm-none-eabi/lib/thumb/v7-m/nofp/crt0.o
LOAD ./Core/Src/Thruster.o
LOAD ./Core/Src/adc_work.o
LOAD ./Core/Src/communication.o
LOAD ./Core/Src/crc.o
LOAD ./Core/Src/main.o
LOAD ./Core/Src/proce_pcb.o
LOAD ./Core/Src/stm32f1xx_hal_msp.o
LOAD ./Core/Src/stm32f1xx_it.o
LOAD ./Core/Src/syscalls.o
LOAD ./Core/Src/sysmem.o
LOAD ./Core/Src/system_stm32f1xx.o
LOAD ./Core/Startup/startup_stm32f105rctx.o
LOAD ./Drivers/STM32F1xx_HAL_Driver/Src/stm32f1xx_hal.o
LOAD ./Drivers/STM32F1xx_HAL_Driver/Src/stm32f1xx_hal_adc.o
LOAD ./Drivers/STM32F1xx_HAL_Driver/Src/stm32f1xx_hal_adc_ex.o
LOAD ./Drivers/STM32F1xx_HAL_Driver/Src/stm32f1xx_hal_cortex.o
LOAD ./Drivers/STM32F1xx_HAL_Driver/Src/stm32f1xx_hal_dma.o
LOAD ./Drivers/STM32F1xx_HAL_Driver/Src/stm32f1xx_hal_exti.o
LOAD ./Drivers/STM32F1xx_HAL_Driver/Src/stm32f1xx_hal_flash.o
LOAD ./Drivers/STM32F1xx_HAL_Driver/Src/stm32f1xx_hal_flash_ex.o
LOAD ./Drivers/STM32F1xx_HAL_Driver/Src/stm32f1xx_hal_gpio.o
LOAD ./Drivers/STM32F1xx_HAL_Driver/Src/stm32f1xx_hal_gpio_ex.o
LOAD ./Drivers/STM32F1xx_HAL_Driver/Src/stm32f1xx_hal_pwr.o
LOAD ./Drivers/STM32F1xx_HAL_Driver/Src/stm32f1xx_hal_rcc.o
LOAD ./Drivers/STM32F1xx_HAL_Driver/Src/stm32f1xx_hal_rcc_ex.o
LOAD ./Drivers/STM32F1xx_HAL_Driver/Src/stm32f1xx_hal_tim.o
LOAD ./Drivers/STM32F1xx_HAL_Driver/Src/stm32f1xx_hal_tim_ex.o
LOAD ./Drivers/STM32F1xx_HAL_Driver/Src/stm32f1xx_hal_uart.o
START GROUP
LOAD c:/st/stm32cubeide_1.8.0/stm32cubeide/plugins/com.st.stm32cube.ide.mcu.externaltools.gnu-tools-for-stm32.10.3-2021.10.win32_1.0.0.202111181127/tools/bin/../lib/gcc/arm-none-eabi/10.3.1/../../../../arm-none-eabi/lib/thumb/v7-m/nofp\libc_nano.a
LOAD c:/st/stm32cubeide_1.8.0/stm32cubeide/plugins/com.st.stm32cube.ide.mcu.externaltools.gnu-tools-for-stm32.10.3-2021.10.win32_1.0.0.202111181127/tools/bin/../lib/gcc/arm-none-eabi/10.3.1/../../../../arm-none-eabi/lib/thumb/v7-m/nofp\libm.a
END GROUP
START GROUP
LOAD c:/st/stm32cubeide_1.8.0/stm32cubeide/plugins/com.st.stm32cube.ide.mcu.externaltools.gnu-tools-for-stm32.10.3-2021.10.win32_1.0.0.202111181127/tools/bin/../lib/gcc/arm-none-eabi/10.3.1/thumb/v7-m/nofp\libgcc.a
LOAD c:/st/stm32cubeide_1.8.0/stm32cubeide/plugins/com.st.stm32cube.ide.mcu.externaltools.gnu-tools-for-stm32.10.3-2021.10.win32_1.0.0.202111181127/tools/bin/../lib/gcc/arm-none-eabi/10.3.1/../../../../arm-none-eabi/lib/thumb/v7-m/nofp\libc_nano.a
END GROUP
START GROUP
LOAD c:/st/stm32cubeide_1.8.0/stm32cubeide/plugins/com.st.stm32cube.ide.mcu.externaltools.gnu-tools-for-stm32.10.3-2021.10.win32_1.0.0.202111181127/tools/bin/../lib/gcc/arm-none-eabi/10.3.1/thumb/v7-m/nofp\libgcc.a
LOAD c:/st/stm32cubeide_1.8.0/stm32cubeide/plugins/com.st.stm32cube.ide.mcu.externaltools.gnu-tools-for-stm32.10.3-2021.10.win32_1.0.0.202111181127/tools/bin/../lib/gcc/arm-none-eabi/10.3.1/../../../../arm-none-eabi/lib/thumb/v7-m/nofp\libc_nano.a
LOAD c:/st/stm32cubeide_1.8.0/stm32cubeide/plugins/com.st.stm32cube.ide.mcu.externaltools.gnu-tools-for-stm32.10.3-2021.10.win32_1.0.0.202111181127/tools/bin/../lib/gcc/arm-none-eabi/10.3.1/../../../../arm-none-eabi/lib/thumb/v7-m/nofp\libnosys.a
END GROUP
START GROUP
LOAD c:/st/stm32cubeide_1.8.0/stm32cubeide/plugins/com.st.stm32cube.ide.mcu.externaltools.gnu-tools-for-stm32.10.3-2021.10.win32_1.0.0.202111181127/tools/bin/../lib/gcc/arm-none-eabi/10.3.1/thumb/v7-m/nofp\libgcc.a
LOAD c:/st/stm32cubeide_1.8.0/stm32cubeide/plugins/com.st.stm32cube.ide.mcu.externaltools.gnu-tools-for-stm32.10.3-2021.10.win32_1.0.0.202111181127/tools/bin/../lib/gcc/arm-none-eabi/10.3.1/../../../../arm-none-eabi/lib/thumb/v7-m/nofp\libc_nano.a
LOAD c:/st/stm32cubeide_1.8.0/stm32cubeide/plugins/com.st.stm32cube.ide.mcu.externaltools.gnu-tools-for-stm32.10.3-2021.10.win32_1.0.0.202111181127/tools/bin/../lib/gcc/arm-none-eabi/10.3.1/../../../../arm-none-eabi/lib/thumb/v7-m/nofp\libnosys.a
END GROUP
LOAD c:/st/stm32cubeide_1.8.0/stm32cubeide/plugins/com.st.stm32cube.ide.mcu.externaltools.gnu-tools-for-stm32.10.3-2021.10.win32_1.0.0.202111181127/tools/bin/../lib/gcc/arm-none-eabi/10.3.1/thumb/v7-m/nofp/crtend.o
LOAD c:/st/stm32cubeide_1.8.0/stm32cubeide/plugins/com.st.stm32cube.ide.mcu.externaltools.gnu-tools-for-stm32.10.3-2021.10.win32_1.0.0.202111181127/tools/bin/../lib/gcc/arm-none-eabi/10.3.1/thumb/v7-m/nofp/crtn.o
                0x0000000020010000                _estack = (ORIGIN (RAM) + LENGTH (RAM))
                0x0000000000000200                _Min_Heap_Size = 0x200
                0x0000000000000400                _Min_Stack_Size = 0x400

.isr_vector     0x0000000008000000      0x1e4
                0x0000000008000000                . = ALIGN (0x4)
 *(.isr_vector)
 .isr_vector    0x0000000008000000      0x1e4 ./Core/Startup/startup_stm32f105rctx.o
                0x0000000008000000                g_pfnVectors
                0x00000000080001e4                . = ALIGN (0x4)

.text           0x00000000080001e4     0x6594
                0x00000000080001e4                . = ALIGN (0x4)
 *(.text)
 .text          0x00000000080001e4       0x40 c:/st/stm32cubeide_1.8.0/stm32cubeide/plugins/com.st.stm32cube.ide.mcu.externaltools.gnu-tools-for-stm32.10.3-2021.10.win32_1.0.0.202111181127/tools/bin/../lib/gcc/arm-none-eabi/10.3.1/thumb/v7-m/nofp/crtbegin.o
 .text          0x0000000008000224       0x30 c:/st/stm32cubeide_1.8.0/stm32cubeide/plugins/com.st.stm32cube.ide.mcu.externaltools.gnu-tools-for-stm32.10.3-2021.10.win32_1.0.0.202111181127/tools/bin/../lib/gcc/arm-none-eabi/10.3.1/thumb/v7-m/nofp\libgcc.a(_aeabi_uldivmod.o)
                0x0000000008000224                __aeabi_uldivmod
 .text          0x0000000008000254      0x2d4 c:/st/stm32cubeide_1.8.0/stm32cubeide/plugins/com.st.stm32cube.ide.mcu.externaltools.gnu-tools-for-stm32.10.3-2021.10.win32_1.0.0.202111181127/tools/bin/../lib/gcc/arm-none-eabi/10.3.1/thumb/v7-m/nofp\libgcc.a(_udivmoddi4.o)
                0x0000000008000254                __udivmoddi4
 .text          0x0000000008000528        0x4 c:/st/stm32cubeide_1.8.0/stm32cubeide/plugins/com.st.stm32cube.ide.mcu.externaltools.gnu-tools-for-stm32.10.3-2021.10.win32_1.0.0.202111181127/tools/bin/../lib/gcc/arm-none-eabi/10.3.1/thumb/v7-m/nofp\libgcc.a(_dvmd_tls.o)
                0x0000000008000528                __aeabi_idiv0
                0x0000000008000528                __aeabi_ldiv0
 *(.text*)
 .text.search_thruster_by_address
                0x000000000800052c       0x44 ./Core/Src/Thruster.o
                0x000000000800052c                search_thruster_by_address
 .text.set_thruster_velocity
                0x0000000008000570       0x50 ./Core/Src/Thruster.o
                0x0000000008000570                set_thruster_velocity
 .text.thrusters_update
                0x00000000080005c0      0x3dc ./Core/Src/Thruster.o
                0x00000000080005c0                thrusters_update
 .text.init_thrusters_data
                0x000000000800099c      0x204 ./Core/Src/Thruster.o
                0x000000000800099c                init_thrusters_data
 .text.init_thrusters
                0x0000000008000ba0       0x58 ./Core/Src/Thruster.o
                0x0000000008000ba0                init_thrusters
 .text.adc_init
                0x0000000008000bf8       0x28 ./Core/Src/adc_work.o
                0x0000000008000bf8                adc_init
 .text.trans_adc
                0x0000000008000c20       0xb0 ./Core/Src/adc_work.o
                0x0000000008000c20                trans_adc
 .text.HAL_ADC_ErrorCallback
                0x0000000008000cd0       0x4c ./Core/Src/adc_work.o
                0x0000000008000cd0                HAL_ADC_ErrorCallback
 .text.parse_package
                0x0000000008000d1c       0x58 ./Core/Src/communication.o
                0x0000000008000d1c                parse_package
 .text.init_comm
                0x0000000008000d74       0x1c ./Core/Src/communication.o
                0x0000000008000d74                init_comm
 .text.HAL_UART_ErrorCallback
                0x0000000008000d90       0x3c ./Core/Src/communication.o
                0x0000000008000d90                HAL_UART_ErrorCallback
 .text.update_com
                0x0000000008000dcc       0xe0 ./Core/Src/communication.o
                0x0000000008000dcc                update_com
 .text.HAL_UART_RxCpltCallback
                0x0000000008000eac       0x28 ./Core/Src/communication.o
                0x0000000008000eac                HAL_UART_RxCpltCallback
 .text.calculate_crc
                0x0000000008000ed4       0x8a ./Core/Src/crc.o
                0x0000000008000ed4                calculate_crc
 *fill*         0x0000000008000f5e        0x2 
 .text.main     0x0000000008000f60       0x44 ./Core/Src/main.o
                0x0000000008000f60                main
 .text.SystemClock_Config
                0x0000000008000fa4       0xc0 ./Core/Src/main.o
                0x0000000008000fa4                SystemClock_Config
 .text.MX_ADC1_Init
                0x0000000008001064      0x208 ./Core/Src/main.o
 .text.MX_TIM1_Init
                0x000000000800126c      0x150 ./Core/Src/main.o
 .text.MX_TIM2_Init
                0x00000000080013bc       0xf4 ./Core/Src/main.o
 .text.MX_TIM3_Init
                0x00000000080014b0       0xb4 ./Core/Src/main.o
 .text.MX_UART4_Init
                0x0000000008001564       0x54 ./Core/Src/main.o
 .text.MX_UART5_Init
                0x00000000080015b8       0x54 ./Core/Src/main.o
 .text.MX_DMA_Init
                0x000000000800160c       0x74 ./Core/Src/main.o
 .text.MX_GPIO_Init
                0x0000000008001680       0xdc ./Core/Src/main.o
 .text.Error_Handler
                0x000000000800175c        0xa ./Core/Src/main.o
                0x000000000800175c                Error_Handler
 .text.proce_init
                0x0000000008001766       0x14 ./Core/Src/proce_pcb.o
                0x0000000008001766                proce_init
 .text.proce_loop
                0x000000000800177a       0x14 ./Core/Src/proce_pcb.o
                0x000000000800177a                proce_loop
 *fill*         0x000000000800178e        0x2 
 .text.HAL_MspInit
                0x0000000008001790       0x64 ./Core/Src/stm32f1xx_hal_msp.o
                0x0000000008001790                HAL_MspInit
 .text.HAL_ADC_MspInit
                0x00000000080017f4      0x130 ./Core/Src/stm32f1xx_hal_msp.o
                0x00000000080017f4                HAL_ADC_MspInit
 .text.HAL_TIM_PWM_MspInit
                0x0000000008001924       0xa8 ./Core/Src/stm32f1xx_hal_msp.o
                0x0000000008001924                HAL_TIM_PWM_MspInit
 .text.HAL_TIM_MspPostInit
                0x00000000080019cc      0x168 ./Core/Src/stm32f1xx_hal_msp.o
                0x00000000080019cc                HAL_TIM_MspPostInit
 .text.HAL_UART_MspInit
                0x0000000008001b34      0x1f0 ./Core/Src/stm32f1xx_hal_msp.o
                0x0000000008001b34                HAL_UART_MspInit
 .text.HAL_UART_MspDeInit
                0x0000000008001d24       0x90 ./Core/Src/stm32f1xx_hal_msp.o
                0x0000000008001d24                HAL_UART_MspDeInit
 .text.NMI_Handler
                0x0000000008001db4        0x6 ./Core/Src/stm32f1xx_it.o
                0x0000000008001db4                NMI_Handler
 .text.HardFault_Handler
                0x0000000008001dba        0x6 ./Core/Src/stm32f1xx_it.o
                0x0000000008001dba                HardFault_Handler
 .text.MemManage_Handler
                0x0000000008001dc0        0x6 ./Core/Src/stm32f1xx_it.o
                0x0000000008001dc0                MemManage_Handler
 .text.BusFault_Handler
                0x0000000008001dc6        0x6 ./Core/Src/stm32f1xx_it.o
                0x0000000008001dc6                BusFault_Handler
 .text.UsageFault_Handler
                0x0000000008001dcc        0x6 ./Core/Src/stm32f1xx_it.o
                0x0000000008001dcc                UsageFault_Handler
 .text.SVC_Handler
                0x0000000008001dd2        0xc ./Core/Src/stm32f1xx_it.o
                0x0000000008001dd2                SVC_Handler
 .text.DebugMon_Handler
                0x0000000008001dde        0xc ./Core/Src/stm32f1xx_it.o
                0x0000000008001dde                DebugMon_Handler
 .text.PendSV_Handler
                0x0000000008001dea        0xc ./Core/Src/stm32f1xx_it.o
                0x0000000008001dea                PendSV_Handler
 .text.SysTick_Handler
                0x0000000008001df6        0xc ./Core/Src/stm32f1xx_it.o
                0x0000000008001df6                SysTick_Handler
 *fill*         0x0000000008001e02        0x2 
 .text.DMA1_Channel1_IRQHandler
                0x0000000008001e04       0x14 ./Core/Src/stm32f1xx_it.o
                0x0000000008001e04                DMA1_Channel1_IRQHandler
 .text.TIM1_BRK_IRQHandler
                0x0000000008001e18       0x14 ./Core/Src/stm32f1xx_it.o
                0x0000000008001e18                TIM1_BRK_IRQHandler
 .text.TIM2_IRQHandler
                0x0000000008001e2c       0x14 ./Core/Src/stm32f1xx_it.o
                0x0000000008001e2c                TIM2_IRQHandler
 .text.UART4_IRQHandler
                0x0000000008001e40       0x14 ./Core/Src/stm32f1xx_it.o
                0x0000000008001e40                UART4_IRQHandler
 .text.UART5_IRQHandler
                0x0000000008001e54       0x14 ./Core/Src/stm32f1xx_it.o
                0x0000000008001e54                UART5_IRQHandler
 .text.DMA2_Channel3_IRQHandler
                0x0000000008001e68       0x14 ./Core/Src/stm32f1xx_it.o
                0x0000000008001e68                DMA2_Channel3_IRQHandler
 .text.DMA2_Channel5_IRQHandler
                0x0000000008001e7c       0x14 ./Core/Src/stm32f1xx_it.o
                0x0000000008001e7c                DMA2_Channel5_IRQHandler
 .text.SystemInit
                0x0000000008001e90        0xc ./Core/Src/system_stm32f1xx.o
                0x0000000008001e90                SystemInit
 .text.Reset_Handler
                0x0000000008001e9c       0x48 ./Core/Startup/startup_stm32f105rctx.o
                0x0000000008001e9c                Reset_Handler
 .text.Default_Handler
                0x0000000008001ee4        0x2 ./Core/Startup/startup_stm32f105rctx.o
                0x0000000008001ee4                RTC_Alarm_IRQHandler
                0x0000000008001ee4                EXTI2_IRQHandler
                0x0000000008001ee4                TIM1_CC_IRQHandler
                0x0000000008001ee4                TIM6_IRQHandler
                0x0000000008001ee4                PVD_IRQHandler
                0x0000000008001ee4                CAN2_RX1_IRQHandler
                0x0000000008001ee4                EXTI3_IRQHandler
                0x0000000008001ee4                EXTI0_IRQHandler
                0x0000000008001ee4                I2C2_EV_IRQHandler
                0x0000000008001ee4                CAN1_RX0_IRQHandler
                0x0000000008001ee4                CAN2_SCE_IRQHandler
                0x0000000008001ee4                ADC1_2_IRQHandler
                0x0000000008001ee4                SPI1_IRQHandler
                0x0000000008001ee4                TAMPER_IRQHandler
                0x0000000008001ee4                CAN2_RX0_IRQHandler
                0x0000000008001ee4                DMA2_Channel2_IRQHandler
                0x0000000008001ee4                DMA1_Channel4_IRQHandler
                0x0000000008001ee4                USART3_IRQHandler
                0x0000000008001ee4                RTC_IRQHandler
                0x0000000008001ee4                DMA1_Channel7_IRQHandler
                0x0000000008001ee4                CAN1_RX1_IRQHandler
                0x0000000008001ee4                TIM4_IRQHandler
                0x0000000008001ee4                DMA2_Channel1_IRQHandler
                0x0000000008001ee4                I2C1_EV_IRQHandler
                0x0000000008001ee4                DMA1_Channel6_IRQHandler
                0x0000000008001ee4                DMA2_Channel4_IRQHandler
                0x0000000008001ee4                TIM3_IRQHandler
                0x0000000008001ee4                RCC_IRQHandler
                0x0000000008001ee4                TIM1_TRG_COM_IRQHandler
                0x0000000008001ee4                Default_Handler
                0x0000000008001ee4                EXTI15_10_IRQHandler
                0x0000000008001ee4                TIM7_IRQHandler
                0x0000000008001ee4                CAN2_TX_IRQHandler
                0x0000000008001ee4                TIM5_IRQHandler
                0x0000000008001ee4                EXTI9_5_IRQHandler
                0x0000000008001ee4                SPI2_IRQHandler
                0x0000000008001ee4                CAN1_TX_IRQHandler
                0x0000000008001ee4                DMA1_Channel5_IRQHandler
                0x0000000008001ee4                EXTI4_IRQHandler
                0x0000000008001ee4                DMA1_Channel3_IRQHandler
                0x0000000008001ee4                TIM1_UP_IRQHandler
                0x0000000008001ee4                WWDG_IRQHandler
                0x0000000008001ee4                OTG_FS_WKUP_IRQHandler
                0x0000000008001ee4                EXTI1_IRQHandler
                0x0000000008001ee4                USART2_IRQHandler
                0x0000000008001ee4                I2C2_ER_IRQHandler
                0x0000000008001ee4                DMA1_Channel2_IRQHandler
                0x0000000008001ee4                CAN1_SCE_IRQHandler
                0x0000000008001ee4                FLASH_IRQHandler
                0x0000000008001ee4                USART1_IRQHandler
                0x0000000008001ee4                OTG_FS_IRQHandler
                0x0000000008001ee4                SPI3_IRQHandler
                0x0000000008001ee4                I2C1_ER_IRQHandler
 *fill*         0x0000000008001ee6        0x2 
 .text.HAL_Init
                0x0000000008001ee8       0x2c ./Drivers/STM32F1xx_HAL_Driver/Src/stm32f1xx_hal.o
                0x0000000008001ee8                HAL_Init
 .text.HAL_InitTick
                0x0000000008001f14       0x60 ./Drivers/STM32F1xx_HAL_Driver/Src/stm32f1xx_hal.o
                0x0000000008001f14                HAL_InitTick
 .text.HAL_IncTick
                0x0000000008001f74       0x24 ./Drivers/STM32F1xx_HAL_Driver/Src/stm32f1xx_hal.o
                0x0000000008001f74                HAL_IncTick
 .text.HAL_GetTick
                0x0000000008001f98       0x14 ./Drivers/STM32F1xx_HAL_Driver/Src/stm32f1xx_hal.o
                0x0000000008001f98                HAL_GetTick
 .text.HAL_Delay
                0x0000000008001fac       0x48 ./Drivers/STM32F1xx_HAL_Driver/Src/stm32f1xx_hal.o
                0x0000000008001fac                HAL_Delay
 .text.HAL_ADC_Init
                0x0000000008001ff4      0x1b0 ./Drivers/STM32F1xx_HAL_Driver/Src/stm32f1xx_hal_adc.o
                0x0000000008001ff4                HAL_ADC_Init
 .text.HAL_ADC_Start_DMA
                0x00000000080021a4      0x1bc ./Drivers/STM32F1xx_HAL_Driver/Src/stm32f1xx_hal_adc.o
                0x00000000080021a4                HAL_ADC_Start_DMA
 .text.HAL_ADC_Stop_DMA
                0x0000000008002360       0x98 ./Drivers/STM32F1xx_HAL_Driver/Src/stm32f1xx_hal_adc.o
                0x0000000008002360                HAL_ADC_Stop_DMA
 .text.HAL_ADC_ConvCpltCallback
                0x00000000080023f8       0x12 ./Drivers/STM32F1xx_HAL_Driver/Src/stm32f1xx_hal_adc.o
                0x00000000080023f8                HAL_ADC_ConvCpltCallback
 .text.HAL_ADC_ConvHalfCpltCallback
                0x000000000800240a       0x12 ./Drivers/STM32F1xx_HAL_Driver/Src/stm32f1xx_hal_adc.o
                0x000000000800240a                HAL_ADC_ConvHalfCpltCallback
 .text.HAL_ADC_ConfigChannel
                0x000000000800241c      0x1f0 ./Drivers/STM32F1xx_HAL_Driver/Src/stm32f1xx_hal_adc.o
                0x000000000800241c                HAL_ADC_ConfigChannel
 .text.ADC_Enable
                0x000000000800260c       0xb4 ./Drivers/STM32F1xx_HAL_Driver/Src/stm32f1xx_hal_adc.o
                0x000000000800260c                ADC_Enable
 .text.ADC_ConversionStop_Disable
                0x00000000080026c0       0x82 ./Drivers/STM32F1xx_HAL_Driver/Src/stm32f1xx_hal_adc.o
                0x00000000080026c0                ADC_ConversionStop_Disable
 .text.ADC_DMAConvCplt
                0x0000000008002742       0x7c ./Drivers/STM32F1xx_HAL_Driver/Src/stm32f1xx_hal_adc.o
                0x0000000008002742                ADC_DMAConvCplt
 .text.ADC_DMAHalfConvCplt
                0x00000000080027be       0x1c ./Drivers/STM32F1xx_HAL_Driver/Src/stm32f1xx_hal_adc.o
                0x00000000080027be                ADC_DMAHalfConvCplt
 .text.ADC_DMAError
                0x00000000080027da       0x34 ./Drivers/STM32F1xx_HAL_Driver/Src/stm32f1xx_hal_adc.o
                0x00000000080027da                ADC_DMAError
 *fill*         0x000000000800280e        0x2 
 .text.HAL_ADCEx_Calibration_Start
                0x0000000008002810      0x15c ./Drivers/STM32F1xx_HAL_Driver/Src/stm32f1xx_hal_adc_ex.o
                0x0000000008002810                HAL_ADCEx_Calibration_Start
 .text.__NVIC_SetPriorityGrouping
                0x000000000800296c       0x48 ./Drivers/STM32F1xx_HAL_Driver/Src/stm32f1xx_hal_cortex.o
 .text.__NVIC_GetPriorityGrouping
                0x00000000080029b4       0x1c ./Drivers/STM32F1xx_HAL_Driver/Src/stm32f1xx_hal_cortex.o
 .text.__NVIC_EnableIRQ
                0x00000000080029d0       0x38 ./Drivers/STM32F1xx_HAL_Driver/Src/stm32f1xx_hal_cortex.o
 .text.__NVIC_DisableIRQ
                0x0000000008002a08       0x48 ./Drivers/STM32F1xx_HAL_Driver/Src/stm32f1xx_hal_cortex.o
 .text.__NVIC_SetPriority
                0x0000000008002a50       0x54 ./Drivers/STM32F1xx_HAL_Driver/Src/stm32f1xx_hal_cortex.o
 .text.NVIC_EncodePriority
                0x0000000008002aa4       0x64 ./Drivers/STM32F1xx_HAL_Driver/Src/stm32f1xx_hal_cortex.o
 .text.SysTick_Config
                0x0000000008002b08       0x44 ./Drivers/STM32F1xx_HAL_Driver/Src/stm32f1xx_hal_cortex.o
 .text.HAL_NVIC_SetPriorityGrouping
                0x0000000008002b4c       0x16 ./Drivers/STM32F1xx_HAL_Driver/Src/stm32f1xx_hal_cortex.o
                0x0000000008002b4c                HAL_NVIC_SetPriorityGrouping
 .text.HAL_NVIC_SetPriority
                0x0000000008002b62       0x38 ./Drivers/STM32F1xx_HAL_Driver/Src/stm32f1xx_hal_cortex.o
                0x0000000008002b62                HAL_NVIC_SetPriority
 .text.HAL_NVIC_EnableIRQ
                0x0000000008002b9a       0x1c ./Drivers/STM32F1xx_HAL_Driver/Src/stm32f1xx_hal_cortex.o
                0x0000000008002b9a                HAL_NVIC_EnableIRQ
 .text.HAL_NVIC_DisableIRQ
                0x0000000008002bb6       0x1c ./Drivers/STM32F1xx_HAL_Driver/Src/stm32f1xx_hal_cortex.o
                0x0000000008002bb6                HAL_NVIC_DisableIRQ
 .text.HAL_SYSTICK_Config
                0x0000000008002bd2       0x18 ./Drivers/STM32F1xx_HAL_Driver/Src/stm32f1xx_hal_cortex.o
                0x0000000008002bd2                HAL_SYSTICK_Config
 *fill*         0x0000000008002bea        0x2 
 .text.HAL_DMA_Init
                0x0000000008002bec       0xec ./Drivers/STM32F1xx_HAL_Driver/Src/stm32f1xx_hal_dma.o
                0x0000000008002bec                HAL_DMA_Init
 .text.HAL_DMA_DeInit
                0x0000000008002cd8       0xf0 ./Drivers/STM32F1xx_HAL_Driver/Src/stm32f1xx_hal_dma.o
                0x0000000008002cd8                HAL_DMA_DeInit
 .text.HAL_DMA_Start_IT
                0x0000000008002dc8       0xc0 ./Drivers/STM32F1xx_HAL_Driver/Src/stm32f1xx_hal_dma.o
                0x0000000008002dc8                HAL_DMA_Start_IT
 .text.HAL_DMA_Abort
                0x0000000008002e88       0x76 ./Drivers/STM32F1xx_HAL_Driver/Src/stm32f1xx_hal_dma.o
                0x0000000008002e88                HAL_DMA_Abort
 *fill*         0x0000000008002efe        0x2 
 .text.HAL_DMA_Abort_IT
                0x0000000008002f00      0x210 ./Drivers/STM32F1xx_HAL_Driver/Src/stm32f1xx_hal_dma.o
                0x0000000008002f00                HAL_DMA_Abort_IT
 .text.HAL_DMA_IRQHandler
                0x0000000008003110      0x478 ./Drivers/STM32F1xx_HAL_Driver/Src/stm32f1xx_hal_dma.o
                0x0000000008003110                HAL_DMA_IRQHandler
 .text.DMA_SetConfig
                0x0000000008003588       0x5a ./Drivers/STM32F1xx_HAL_Driver/Src/stm32f1xx_hal_dma.o
 *fill*         0x00000000080035e2        0x2 
 .text.HAL_GPIO_Init
                0x00000000080035e4      0x308 ./Drivers/STM32F1xx_HAL_Driver/Src/stm32f1xx_hal_gpio.o
                0x00000000080035e4                HAL_GPIO_Init
 .text.HAL_GPIO_DeInit
                0x00000000080038ec      0x178 ./Drivers/STM32F1xx_HAL_Driver/Src/stm32f1xx_hal_gpio.o
                0x00000000080038ec                HAL_GPIO_DeInit
 .text.HAL_GPIO_ReadPin
                0x0000000008003a64       0x2e ./Drivers/STM32F1xx_HAL_Driver/Src/stm32f1xx_hal_gpio.o
                0x0000000008003a64                HAL_GPIO_ReadPin
 .text.HAL_GPIO_WritePin
                0x0000000008003a92       0x30 ./Drivers/STM32F1xx_HAL_Driver/Src/stm32f1xx_hal_gpio.o
                0x0000000008003a92                HAL_GPIO_WritePin
 .text.HAL_GPIO_TogglePin
                0x0000000008003ac2       0x32 ./Drivers/STM32F1xx_HAL_Driver/Src/stm32f1xx_hal_gpio.o
                0x0000000008003ac2                HAL_GPIO_TogglePin
 .text.HAL_RCC_OscConfig
                0x0000000008003af4      0x62c ./Drivers/STM32F1xx_HAL_Driver/Src/stm32f1xx_hal_rcc.o
                0x0000000008003af4                HAL_RCC_OscConfig
 .text.HAL_RCC_ClockConfig
                0x0000000008004120      0x1d4 ./Drivers/STM32F1xx_HAL_Driver/Src/stm32f1xx_hal_rcc.o
                0x0000000008004120                HAL_RCC_ClockConfig
 .text.HAL_RCC_GetSysClockFreq
                0x00000000080042f4      0x1e8 ./Drivers/STM32F1xx_HAL_Driver/Src/stm32f1xx_hal_rcc.o
                0x00000000080042f4                HAL_RCC_GetSysClockFreq
 .text.HAL_RCC_GetHCLKFreq
                0x00000000080044dc       0x14 ./Drivers/STM32F1xx_HAL_Driver/Src/stm32f1xx_hal_rcc.o
                0x00000000080044dc                HAL_RCC_GetHCLKFreq
 .text.HAL_RCC_GetPCLK1Freq
                0x00000000080044f0       0x28 ./Drivers/STM32F1xx_HAL_Driver/Src/stm32f1xx_hal_rcc.o
                0x00000000080044f0                HAL_RCC_GetPCLK1Freq
 .text.HAL_RCC_GetPCLK2Freq
                0x0000000008004518       0x28 ./Drivers/STM32F1xx_HAL_Driver/Src/stm32f1xx_hal_rcc.o
                0x0000000008004518                HAL_RCC_GetPCLK2Freq
 .text.RCC_Delay
                0x0000000008004540       0x3c ./Drivers/STM32F1xx_HAL_Driver/Src/stm32f1xx_hal_rcc.o
 .text.HAL_RCCEx_PeriphCLKConfig
                0x000000000800457c      0x264 ./Drivers/STM32F1xx_HAL_Driver/Src/stm32f1xx_hal_rcc_ex.o
                0x000000000800457c                HAL_RCCEx_PeriphCLKConfig
 .text.HAL_RCCEx_GetPeriphCLKFreq
                0x00000000080047e0      0x2a4 ./Drivers/STM32F1xx_HAL_Driver/Src/stm32f1xx_hal_rcc_ex.o
                0x00000000080047e0                HAL_RCCEx_GetPeriphCLKFreq
 .text.HAL_TIM_PWM_Init
                0x0000000008004a84       0x9e ./Drivers/STM32F1xx_HAL_Driver/Src/stm32f1xx_hal_tim.o
                0x0000000008004a84                HAL_TIM_PWM_Init
 *fill*         0x0000000008004b22        0x2 
 .text.HAL_TIM_PWM_Start_IT
                0x0000000008004b24      0x1ec ./Drivers/STM32F1xx_HAL_Driver/Src/stm32f1xx_hal_tim.o
                0x0000000008004b24                HAL_TIM_PWM_Start_IT
 .text.HAL_TIM_IRQHandler
                0x0000000008004d10      0x210 ./Drivers/STM32F1xx_HAL_Driver/Src/stm32f1xx_hal_tim.o
                0x0000000008004d10                HAL_TIM_IRQHandler
 .text.HAL_TIM_PWM_ConfigChannel
                0x0000000008004f20      0x184 ./Drivers/STM32F1xx_HAL_Driver/Src/stm32f1xx_hal_tim.o
                0x0000000008004f20                HAL_TIM_PWM_ConfigChannel
 .text.HAL_TIM_PeriodElapsedCallback
                0x00000000080050a4       0x12 ./Drivers/STM32F1xx_HAL_Driver/Src/stm32f1xx_hal_tim.o
                0x00000000080050a4                HAL_TIM_PeriodElapsedCallback
 .text.HAL_TIM_OC_DelayElapsedCallback
                0x00000000080050b6       0x12 ./Drivers/STM32F1xx_HAL_Driver/Src/stm32f1xx_hal_tim.o
                0x00000000080050b6                HAL_TIM_OC_DelayElapsedCallback
 .text.HAL_TIM_IC_CaptureCallback
                0x00000000080050c8       0x12 ./Drivers/STM32F1xx_HAL_Driver/Src/stm32f1xx_hal_tim.o
                0x00000000080050c8                HAL_TIM_IC_CaptureCallback
 .text.HAL_TIM_PWM_PulseFinishedCallback
                0x00000000080050da       0x12 ./Drivers/STM32F1xx_HAL_Driver/Src/stm32f1xx_hal_tim.o
                0x00000000080050da                HAL_TIM_PWM_PulseFinishedCallback
 .text.HAL_TIM_TriggerCallback
                0x00000000080050ec       0x12 ./Drivers/STM32F1xx_HAL_Driver/Src/stm32f1xx_hal_tim.o
                0x00000000080050ec                HAL_TIM_TriggerCallback
 *fill*         0x00000000080050fe        0x2 
 .text.TIM_Base_SetConfig
                0x0000000008005100       0xd8 ./Drivers/STM32F1xx_HAL_Driver/Src/stm32f1xx_hal_tim.o
                0x0000000008005100                TIM_Base_SetConfig
 .text.TIM_OC1_SetConfig
                0x00000000080051d8       0xcc ./Drivers/STM32F1xx_HAL_Driver/Src/stm32f1xx_hal_tim.o
 .text.TIM_OC2_SetConfig
                0x00000000080052a4       0xd4 ./Drivers/STM32F1xx_HAL_Driver/Src/stm32f1xx_hal_tim.o
                0x00000000080052a4                TIM_OC2_SetConfig
 .text.TIM_OC3_SetConfig
                0x0000000008005378       0xd4 ./Drivers/STM32F1xx_HAL_Driver/Src/stm32f1xx_hal_tim.o
 .text.TIM_OC4_SetConfig
                0x000000000800544c       0x9c ./Drivers/STM32F1xx_HAL_Driver/Src/stm32f1xx_hal_tim.o
 .text.TIM_CCxChannelCmd
                0x00000000080054e8       0x48 ./Drivers/STM32F1xx_HAL_Driver/Src/stm32f1xx_hal_tim.o
                0x00000000080054e8                TIM_CCxChannelCmd
 .text.HAL_TIMEx_MasterConfigSynchronization
                0x0000000008005530       0xcc ./Drivers/STM32F1xx_HAL_Driver/Src/stm32f1xx_hal_tim_ex.o
                0x0000000008005530                HAL_TIMEx_MasterConfigSynchronization
 .text.HAL_TIMEx_ConfigBreakDeadTime
                0x00000000080055fc       0xa2 ./Drivers/STM32F1xx_HAL_Driver/Src/stm32f1xx_hal_tim_ex.o
                0x00000000080055fc                HAL_TIMEx_ConfigBreakDeadTime
 .text.HAL_TIMEx_CommutCallback
                0x000000000800569e       0x12 ./Drivers/STM32F1xx_HAL_Driver/Src/stm32f1xx_hal_tim_ex.o
                0x000000000800569e                HAL_TIMEx_CommutCallback
 .text.HAL_TIMEx_BreakCallback
                0x00000000080056b0       0x12 ./Drivers/STM32F1xx_HAL_Driver/Src/stm32f1xx_hal_tim_ex.o
                0x00000000080056b0                HAL_TIMEx_BreakCallback
 .text.HAL_UART_Init
                0x00000000080056c2       0xa0 ./Drivers/STM32F1xx_HAL_Driver/Src/stm32f1xx_hal_uart.o
                0x00000000080056c2                HAL_UART_Init
 .text.HAL_UART_DeInit
                0x0000000008005762       0x64 ./Drivers/STM32F1xx_HAL_Driver/Src/stm32f1xx_hal_uart.o
                0x0000000008005762                HAL_UART_DeInit
 *fill*         0x00000000080057c6        0x2 
 .text.HAL_UART_Transmit_DMA
                0x00000000080057c8       0xe0 ./Drivers/STM32F1xx_HAL_Driver/Src/stm32f1xx_hal_uart.o
                0x00000000080057c8                HAL_UART_Transmit_DMA
 .text.HAL_UART_Receive_DMA
                0x00000000080058a8       0x4a ./Drivers/STM32F1xx_HAL_Driver/Src/stm32f1xx_hal_uart.o
                0x00000000080058a8                HAL_UART_Receive_DMA
 *fill*         0x00000000080058f2        0x2 
 .text.HAL_UART_IRQHandler
                0x00000000080058f4      0x524 ./Drivers/STM32F1xx_HAL_Driver/Src/stm32f1xx_hal_uart.o
                0x00000000080058f4                HAL_UART_IRQHandler
 .text.HAL_UART_TxCpltCallback
                0x0000000008005e18       0x12 ./Drivers/STM32F1xx_HAL_Driver/Src/stm32f1xx_hal_uart.o
                0x0000000008005e18                HAL_UART_TxCpltCallback
 .text.HAL_UART_TxHalfCpltCallback
                0x0000000008005e2a       0x12 ./Drivers/STM32F1xx_HAL_Driver/Src/stm32f1xx_hal_uart.o
                0x0000000008005e2a                HAL_UART_TxHalfCpltCallback
 .text.HAL_UART_RxHalfCpltCallback
                0x0000000008005e3c       0x12 ./Drivers/STM32F1xx_HAL_Driver/Src/stm32f1xx_hal_uart.o
                0x0000000008005e3c                HAL_UART_RxHalfCpltCallback
 .text.HAL_UARTEx_RxEventCallback
                0x0000000008005e4e       0x16 ./Drivers/STM32F1xx_HAL_Driver/Src/stm32f1xx_hal_uart.o
                0x0000000008005e4e                HAL_UARTEx_RxEventCallback
 .text.UART_DMATransmitCplt
                0x0000000008005e64       0x9a ./Drivers/STM32F1xx_HAL_Driver/Src/stm32f1xx_hal_uart.o
 .text.UART_DMATxHalfCplt
                0x0000000008005efe       0x1c ./Drivers/STM32F1xx_HAL_Driver/Src/stm32f1xx_hal_uart.o
 .text.UART_DMAReceiveCplt
                0x0000000008005f1a      0x12c ./Drivers/STM32F1xx_HAL_Driver/Src/stm32f1xx_hal_uart.o
 .text.UART_DMARxHalfCplt
                0x0000000008006046       0x3c ./Drivers/STM32F1xx_HAL_Driver/Src/stm32f1xx_hal_uart.o
 .text.UART_DMAError
                0x0000000008006082       0x94 ./Drivers/STM32F1xx_HAL_Driver/Src/stm32f1xx_hal_uart.o
 *fill*         0x0000000008006116        0x2 
 .text.UART_Start_Receive_DMA
                0x0000000008006118      0x134 ./Drivers/STM32F1xx_HAL_Driver/Src/stm32f1xx_hal_uart.o
                0x0000000008006118                UART_Start_Receive_DMA
 .text.UART_EndTxTransfer
                0x000000000800624c       0x4e ./Drivers/STM32F1xx_HAL_Driver/Src/stm32f1xx_hal_uart.o
 .text.UART_EndRxTransfer
                0x000000000800629a       0xc4 ./Drivers/STM32F1xx_HAL_Driver/Src/stm32f1xx_hal_uart.o
 .text.UART_DMAAbortOnError
                0x000000000800635e       0x28 ./Drivers/STM32F1xx_HAL_Driver/Src/stm32f1xx_hal_uart.o
 .text.UART_Transmit_IT
                0x0000000008006386       0x9e ./Drivers/STM32F1xx_HAL_Driver/Src/stm32f1xx_hal_uart.o
 .text.UART_EndTransmit_IT
                0x0000000008006424       0x30 ./Drivers/STM32F1xx_HAL_Driver/Src/stm32f1xx_hal_uart.o
 .text.UART_Receive_IT
                0x0000000008006454      0x17c ./Drivers/STM32F1xx_HAL_Driver/Src/stm32f1xx_hal_uart.o
 .text.UART_SetConfig
                0x00000000080065d0      0x11c ./Drivers/STM32F1xx_HAL_Driver/Src/stm32f1xx_hal_uart.o
 .text.__libc_init_array
                0x00000000080066ec       0x48 c:/st/stm32cubeide_1.8.0/stm32cubeide/plugins/com.st.stm32cube.ide.mcu.externaltools.gnu-tools-for-stm32.10.3-2021.10.win32_1.0.0.202111181127/tools/bin/../lib/gcc/arm-none-eabi/10.3.1/../../../../arm-none-eabi/lib/thumb/v7-m/nofp\libc_nano.a(lib_a-init.o)
                0x00000000080066ec                __libc_init_array
 .text.memcpy   0x0000000008006734       0x1c c:/st/stm32cubeide_1.8.0/stm32cubeide/plugins/com.st.stm32cube.ide.mcu.externaltools.gnu-tools-for-stm32.10.3-2021.10.win32_1.0.0.202111181127/tools/bin/../lib/gcc/arm-none-eabi/10.3.1/../../../../arm-none-eabi/lib/thumb/v7-m/nofp\libc_nano.a(lib_a-memcpy-stub.o)
                0x0000000008006734                memcpy
 .text.memset   0x0000000008006750       0x10 c:/st/stm32cubeide_1.8.0/stm32cubeide/plugins/com.st.stm32cube.ide.mcu.externaltools.gnu-tools-for-stm32.10.3-2021.10.win32_1.0.0.202111181127/tools/bin/../lib/gcc/arm-none-eabi/10.3.1/../../../../arm-none-eabi/lib/thumb/v7-m/nofp\libc_nano.a(lib_a-memset.o)
                0x0000000008006750                memset
 *(.glue_7)
 .glue_7        0x0000000008006760        0x0 linker stubs
 *(.glue_7t)
 .glue_7t       0x0000000008006760        0x0 linker stubs
 *(.eh_frame)
 .eh_frame      0x0000000008006760        0x0 c:/st/stm32cubeide_1.8.0/stm32cubeide/plugins/com.st.stm32cube.ide.mcu.externaltools.gnu-tools-for-stm32.10.3-2021.10.win32_1.0.0.202111181127/tools/bin/../lib/gcc/arm-none-eabi/10.3.1/thumb/v7-m/nofp/crtbegin.o
 *(.init)
 .init          0x0000000008006760        0x4 c:/st/stm32cubeide_1.8.0/stm32cubeide/plugins/com.st.stm32cube.ide.mcu.externaltools.gnu-tools-for-stm32.10.3-2021.10.win32_1.0.0.202111181127/tools/bin/../lib/gcc/arm-none-eabi/10.3.1/thumb/v7-m/nofp/crti.o
                0x0000000008006760                _init
 .init          0x0000000008006764        0x8 c:/st/stm32cubeide_1.8.0/stm32cubeide/plugins/com.st.stm32cube.ide.mcu.externaltools.gnu-tools-for-stm32.10.3-2021.10.win32_1.0.0.202111181127/tools/bin/../lib/gcc/arm-none-eabi/10.3.1/thumb/v7-m/nofp/crtn.o
 *(.fini)
 .fini          0x000000000800676c        0x4 c:/st/stm32cubeide_1.8.0/stm32cubeide/plugins/com.st.stm32cube.ide.mcu.externaltools.gnu-tools-for-stm32.10.3-2021.10.win32_1.0.0.202111181127/tools/bin/../lib/gcc/arm-none-eabi/10.3.1/thumb/v7-m/nofp/crti.o
                0x000000000800676c                _fini
 .fini          0x0000000008006770        0x8 c:/st/stm32cubeide_1.8.0/stm32cubeide/plugins/com.st.stm32cube.ide.mcu.externaltools.gnu-tools-for-stm32.10.3-2021.10.win32_1.0.0.202111181127/tools/bin/../lib/gcc/arm-none-eabi/10.3.1/thumb/v7-m/nofp/crtn.o
                0x0000000008006778                . = ALIGN (0x4)
                0x0000000008006778                _etext = .

.vfp11_veneer   0x0000000008006778        0x0
 .vfp11_veneer  0x0000000008006778        0x0 linker stubs

.v4_bx          0x0000000008006778        0x0
 .v4_bx         0x0000000008006778        0x0 linker stubs

.iplt           0x0000000008006778        0x0
 .iplt          0x0000000008006778        0x0 c:/st/stm32cubeide_1.8.0/stm32cubeide/plugins/com.st.stm32cube.ide.mcu.externaltools.gnu-tools-for-stm32.10.3-2021.10.win32_1.0.0.202111181127/tools/bin/../lib/gcc/arm-none-eabi/10.3.1/thumb/v7-m/nofp/crtbegin.o

.rodata         0x0000000008006778       0x58
                0x0000000008006778                . = ALIGN (0x4)
 *(.rodata)
 *(.rodata*)
 .rodata.AHBPrescTable
                0x0000000008006778       0x10 ./Core/Src/system_stm32f1xx.o
                0x0000000008006778                AHBPrescTable
 .rodata.APBPrescTable
                0x0000000008006788        0x8 ./Core/Src/system_stm32f1xx.o
                0x0000000008006788                APBPrescTable
 .rodata.aPLLMULFactorTable.1
                0x0000000008006790        0xe ./Drivers/STM32F1xx_HAL_Driver/Src/stm32f1xx_hal_rcc.o
 *fill*         0x000000000800679e        0x2 
 .rodata.aPredivFactorTable.0
                0x00000000080067a0       0x10 ./Drivers/STM32F1xx_HAL_Driver/Src/stm32f1xx_hal_rcc.o
 .rodata.aPLLMULFactorTable.1
                0x00000000080067b0        0xe ./Drivers/STM32F1xx_HAL_Driver/Src/stm32f1xx_hal_rcc_ex.o
 *fill*         0x00000000080067be        0x2 
 .rodata.aPredivFactorTable.0
                0x00000000080067c0       0x10 ./Drivers/STM32F1xx_HAL_Driver/Src/stm32f1xx_hal_rcc_ex.o
                0x00000000080067d0                . = ALIGN (0x4)

.ARM.extab      0x00000000080067d0        0x0
                0x00000000080067d0                . = ALIGN (0x4)
 *(.ARM.extab* .gnu.linkonce.armextab.*)
                0x00000000080067d0                . = ALIGN (0x4)

.ARM            0x00000000080067d0        0x8
                0x00000000080067d0                . = ALIGN (0x4)
                0x00000000080067d0                __exidx_start = .
 *(.ARM.exidx*)
 .ARM.exidx     0x00000000080067d0        0x8 c:/st/stm32cubeide_1.8.0/stm32cubeide/plugins/com.st.stm32cube.ide.mcu.externaltools.gnu-tools-for-stm32.10.3-2021.10.win32_1.0.0.202111181127/tools/bin/../lib/gcc/arm-none-eabi/10.3.1/thumb/v7-m/nofp\libgcc.a(_udivmoddi4.o)
                0x00000000080067d8                __exidx_end = .
                0x00000000080067d8                . = ALIGN (0x4)

.rel.dyn        0x00000000080067d8        0x0
 .rel.iplt      0x00000000080067d8        0x0 c:/st/stm32cubeide_1.8.0/stm32cubeide/plugins/com.st.stm32cube.ide.mcu.externaltools.gnu-tools-for-stm32.10.3-2021.10.win32_1.0.0.202111181127/tools/bin/../lib/gcc/arm-none-eabi/10.3.1/thumb/v7-m/nofp/crtbegin.o

.preinit_array  0x00000000080067d8        0x0
                0x00000000080067d8                . = ALIGN (0x4)
                0x00000000080067d8                PROVIDE (__preinit_array_start = .)
 *(.preinit_array*)
                0x00000000080067d8                PROVIDE (__preinit_array_end = .)
                0x00000000080067d8                . = ALIGN (0x4)

.init_array     0x00000000080067d8        0x4
                0x00000000080067d8                . = ALIGN (0x4)
                0x00000000080067d8                PROVIDE (__init_array_start = .)
 *(SORT_BY_NAME(.init_array.*))
 *(.init_array*)
 .init_array    0x00000000080067d8        0x4 c:/st/stm32cubeide_1.8.0/stm32cubeide/plugins/com.st.stm32cube.ide.mcu.externaltools.gnu-tools-for-stm32.10.3-2021.10.win32_1.0.0.202111181127/tools/bin/../lib/gcc/arm-none-eabi/10.3.1/thumb/v7-m/nofp/crtbegin.o
                0x00000000080067dc                PROVIDE (__init_array_end = .)
                0x00000000080067dc                . = ALIGN (0x4)

.fini_array     0x00000000080067dc        0x4
                0x00000000080067dc                . = ALIGN (0x4)
                [!provide]                        PROVIDE (__fini_array_start = .)
 *(SORT_BY_NAME(.fini_array.*))
 *(.fini_array*)
 .fini_array    0x00000000080067dc        0x4 c:/st/stm32cubeide_1.8.0/stm32cubeide/plugins/com.st.stm32cube.ide.mcu.externaltools.gnu-tools-for-stm32.10.3-2021.10.win32_1.0.0.202111181127/tools/bin/../lib/gcc/arm-none-eabi/10.3.1/thumb/v7-m/nofp/crtbegin.o
                [!provide]                        PROVIDE (__fini_array_end = .)
                0x00000000080067e0                . = ALIGN (0x4)
                0x00000000080067e0                _sidata = LOADADDR (.data)

.data           0x0000000020000000        0xc load address 0x00000000080067e0
                0x0000000020000000                . = ALIGN (0x4)
                0x0000000020000000                _sdata = .
 *(.data)
 *(.data*)
 .data.SystemCoreClock
                0x0000000020000000        0x4 ./Core/Src/system_stm32f1xx.o
                0x0000000020000000                SystemCoreClock
 .data.uwTickPrio
                0x0000000020000004        0x4 ./Drivers/STM32F1xx_HAL_Driver/Src/stm32f1xx_hal.o
                0x0000000020000004                uwTickPrio
 .data.uwTickFreq
                0x0000000020000008        0x1 ./Drivers/STM32F1xx_HAL_Driver/Src/stm32f1xx_hal.o
                0x0000000020000008                uwTickFreq
 *(.RamFunc)
 *(.RamFunc*)
                0x000000002000000c                . = ALIGN (0x4)
 *fill*         0x0000000020000009        0x3 
                0x000000002000000c                _edata = .

.igot.plt       0x000000002000000c        0x0 load address 0x00000000080067ec
 .igot.plt      0x000000002000000c        0x0 c:/st/stm32cubeide_1.8.0/stm32cubeide/plugins/com.st.stm32cube.ide.mcu.externaltools.gnu-tools-for-stm32.10.3-2021.10.win32_1.0.0.202111181127/tools/bin/../lib/gcc/arm-none-eabi/10.3.1/thumb/v7-m/nofp/crtbegin.o
                0x000000002000000c                . = ALIGN (0x4)

.bss            0x000000002000000c      0x3b8 load address 0x00000000080067ec
                0x000000002000000c                _sbss = .
                0x000000002000000c                __bss_start__ = _sbss
 *(.bss)
 .bss           0x000000002000000c       0x1c c:/st/stm32cubeide_1.8.0/stm32cubeide/plugins/com.st.stm32cube.ide.mcu.externaltools.gnu-tools-for-stm32.10.3-2021.10.win32_1.0.0.202111181127/tools/bin/../lib/gcc/arm-none-eabi/10.3.1/thumb/v7-m/nofp/crtbegin.o
 *(.bss*)
 .bss.thrusters
                0x0000000020000028       0xc0 ./Core/Src/Thruster.o
                0x0000000020000028                thrusters
 .bss.adc       0x00000000200000e8       0x20 ./Core/Src/adc_work.o
                0x00000000200000e8                adc
 .bss.message_buff
                0x0000000020000108       0x1b ./Core/Src/communication.o
 *fill*         0x0000000020000123        0x1 
 .bss.tx_message_buff
                0x0000000020000124       0x1e ./Core/Src/communication.o
 *fill*         0x0000000020000142        0x2 
 .bss.rov_state
                0x0000000020000144       0x16 ./Core/Src/communication.o
                0x0000000020000144                rov_state
 .bss.frameready
                0x000000002000015a        0x1 ./Core/Src/communication.o
                0x000000002000015a                frameready
 *fill*         0x000000002000015b        0x1 
 .bss.hadc1     0x000000002000015c       0x30 ./Core/Src/main.o
                0x000000002000015c                hadc1
 .bss.hdma_adc1
                0x000000002000018c       0x44 ./Core/Src/main.o
                0x000000002000018c                hdma_adc1
 .bss.htim1     0x00000000200001d0       0x48 ./Core/Src/main.o
                0x00000000200001d0                htim1
 .bss.htim2     0x0000000020000218       0x48 ./Core/Src/main.o
                0x0000000020000218                htim2
 .bss.htim3     0x0000000020000260       0x48 ./Core/Src/main.o
                0x0000000020000260                htim3
 .bss.huart4    0x00000000200002a8       0x48 ./Core/Src/main.o
                0x00000000200002a8                huart4
 .bss.huart5    0x00000000200002f0       0x48 ./Core/Src/main.o
                0x00000000200002f0                huart5
 .bss.hdma_uart4_rx
                0x0000000020000338       0x44 ./Core/Src/main.o
                0x0000000020000338                hdma_uart4_rx
 .bss.hdma_uart4_tx
                0x000000002000037c       0x44 ./Core/Src/main.o
                0x000000002000037c                hdma_uart4_tx
 .bss.uwTick    0x00000000200003c0        0x4 ./Drivers/STM32F1xx_HAL_Driver/Src/stm32f1xx_hal.o
                0x00000000200003c0                uwTick
 *(COMMON)
                0x00000000200003c4                . = ALIGN (0x4)
                0x00000000200003c4                _ebss = .
                0x00000000200003c4                __bss_end__ = _ebss

._user_heap_stack
                0x00000000200003c4      0x604 load address 0x00000000080067ec
                0x00000000200003c8                . = ALIGN (0x8)
 *fill*         0x00000000200003c4        0x4 
                [!provide]                        PROVIDE (end = .)
                0x00000000200003c8                PROVIDE (_end = .)
                0x00000000200005c8                . = (. + _Min_Heap_Size)
 *fill*         0x00000000200003c8      0x200 
                0x00000000200009c8                . = (. + _Min_Stack_Size)
 *fill*         0x00000000200005c8      0x400 
                0x00000000200009c8                . = ALIGN (0x8)

/DISCARD/
 libc.a(*)
 libm.a(*)
 libgcc.a(*)

.ARM.attributes
                0x0000000000000000       0x29
 *(.ARM.attributes)
 .ARM.attributes
                0x0000000000000000       0x1d c:/st/stm32cubeide_1.8.0/stm32cubeide/plugins/com.st.stm32cube.ide.mcu.externaltools.gnu-tools-for-stm32.10.3-2021.10.win32_1.0.0.202111181127/tools/bin/../lib/gcc/arm-none-eabi/10.3.1/thumb/v7-m/nofp/crti.o
 .ARM.attributes
                0x000000000000001d       0x2d c:/st/stm32cubeide_1.8.0/stm32cubeide/plugins/com.st.stm32cube.ide.mcu.externaltools.gnu-tools-for-stm32.10.3-2021.10.win32_1.0.0.202111181127/tools/bin/../lib/gcc/arm-none-eabi/10.3.1/thumb/v7-m/nofp/crtbegin.o
 .ARM.attributes
                0x000000000000004a       0x2d ./Core/Src/Thruster.o
 .ARM.attributes
                0x0000000000000077       0x2d ./Core/Src/adc_work.o
 .ARM.attributes
                0x00000000000000a4       0x2d ./Core/Src/communication.o
 .ARM.attributes
                0x00000000000000d1       0x2d ./Core/Src/crc.o
 .ARM.attributes
                0x00000000000000fe       0x2d ./Core/Src/main.o
 .ARM.attributes
                0x000000000000012b       0x2d ./Core/Src/proce_pcb.o
 .ARM.attributes
                0x0000000000000158       0x2d ./Core/Src/stm32f1xx_hal_msp.o
 .ARM.attributes
                0x0000000000000185       0x2d ./Core/Src/stm32f1xx_it.o
 .ARM.attributes
                0x00000000000001b2       0x2d ./Core/Src/system_stm32f1xx.o
 .ARM.attributes
                0x00000000000001df       0x21 ./Core/Startup/startup_stm32f105rctx.o
 .ARM.attributes
                0x0000000000000200       0x2d ./Drivers/STM32F1xx_HAL_Driver/Src/stm32f1xx_hal.o
 .ARM.attributes
                0x000000000000022d       0x2d ./Drivers/STM32F1xx_HAL_Driver/Src/stm32f1xx_hal_adc.o
 .ARM.attributes
                0x000000000000025a       0x2d ./Drivers/STM32F1xx_HAL_Driver/Src/stm32f1xx_hal_adc_ex.o
 .ARM.attributes
                0x0000000000000287       0x2d ./Drivers/STM32F1xx_HAL_Driver/Src/stm32f1xx_hal_cortex.o
 .ARM.attributes
                0x00000000000002b4       0x2d ./Drivers/STM32F1xx_HAL_Driver/Src/stm32f1xx_hal_dma.o
 .ARM.attributes
                0x00000000000002e1       0x2d ./Drivers/STM32F1xx_HAL_Driver/Src/stm32f1xx_hal_gpio.o
 .ARM.attributes
                0x000000000000030e       0x2d ./Drivers/STM32F1xx_HAL_Driver/Src/stm32f1xx_hal_rcc.o
 .ARM.attributes
                0x000000000000033b       0x2d ./Drivers/STM32F1xx_HAL_Driver/Src/stm32f1xx_hal_rcc_ex.o
 .ARM.attributes
                0x0000000000000368       0x2d ./Drivers/STM32F1xx_HAL_Driver/Src/stm32f1xx_hal_tim.o
 .ARM.attributes
                0x0000000000000395       0x2d ./Drivers/STM32F1xx_HAL_Driver/Src/stm32f1xx_hal_tim_ex.o
 .ARM.attributes
                0x00000000000003c2       0x2d ./Drivers/STM32F1xx_HAL_Driver/Src/stm32f1xx_hal_uart.o
 .ARM.attributes
                0x00000000000003ef       0x2d c:/st/stm32cubeide_1.8.0/stm32cubeide/plugins/com.st.stm32cube.ide.mcu.externaltools.gnu-tools-for-stm32.10.3-2021.10.win32_1.0.0.202111181127/tools/bin/../lib/gcc/arm-none-eabi/10.3.1/../../../../arm-none-eabi/lib/thumb/v7-m/nofp\libc_nano.a(lib_a-init.o)
 .ARM.attributes
                0x000000000000041c       0x2d c:/st/stm32cubeide_1.8.0/stm32cubeide/plugins/com.st.stm32cube.ide.mcu.externaltools.gnu-tools-for-stm32.10.3-2021.10.win32_1.0.0.202111181127/tools/bin/../lib/gcc/arm-none-eabi/10.3.1/../../../../arm-none-eabi/lib/thumb/v7-m/nofp\libc_nano.a(lib_a-memcpy-stub.o)
 .ARM.attributes
                0x0000000000000449       0x2d c:/st/stm32cubeide_1.8.0/stm32cubeide/plugins/com.st.stm32cube.ide.mcu.externaltools.gnu-tools-for-stm32.10.3-2021.10.win32_1.0.0.202111181127/tools/bin/../lib/gcc/arm-none-eabi/10.3.1/../../../../arm-none-eabi/lib/thumb/v7-m/nofp\libc_nano.a(lib_a-memset.o)
 .ARM.attributes
                0x0000000000000476       0x1d c:/st/stm32cubeide_1.8.0/stm32cubeide/plugins/com.st.stm32cube.ide.mcu.externaltools.gnu-tools-for-stm32.10.3-2021.10.win32_1.0.0.202111181127/tools/bin/../lib/gcc/arm-none-eabi/10.3.1/thumb/v7-m/nofp\libgcc.a(_aeabi_uldivmod.o)
 .ARM.attributes
                0x0000000000000493       0x2d c:/st/stm32cubeide_1.8.0/stm32cubeide/plugins/com.st.stm32cube.ide.mcu.externaltools.gnu-tools-for-stm32.10.3-2021.10.win32_1.0.0.202111181127/tools/bin/../lib/gcc/arm-none-eabi/10.3.1/thumb/v7-m/nofp\libgcc.a(_udivmoddi4.o)
 .ARM.attributes
                0x00000000000004c0       0x1d c:/st/stm32cubeide_1.8.0/stm32cubeide/plugins/com.st.stm32cube.ide.mcu.externaltools.gnu-tools-for-stm32.10.3-2021.10.win32_1.0.0.202111181127/tools/bin/../lib/gcc/arm-none-eabi/10.3.1/thumb/v7-m/nofp\libgcc.a(_dvmd_tls.o)
 .ARM.attributes
                0x00000000000004dd       0x1d c:/st/stm32cubeide_1.8.0/stm32cubeide/plugins/com.st.stm32cube.ide.mcu.externaltools.gnu-tools-for-stm32.10.3-2021.10.win32_1.0.0.202111181127/tools/bin/../lib/gcc/arm-none-eabi/10.3.1/thumb/v7-m/nofp/crtn.o
OUTPUT(Testing.elf elf32-littlearm)
LOAD linker stubs
LOAD c:/st/stm32cubeide_1.8.0/stm32cubeide/plugins/com.st.stm32cube.ide.mcu.externaltools.gnu-tools-for-stm32.10.3-2021.10.win32_1.0.0.202111181127/tools/bin/../lib/gcc/arm-none-eabi/10.3.1/../../../../arm-none-eabi/lib/thumb/v7-m/nofp\libc.a
LOAD c:/st/stm32cubeide_1.8.0/stm32cubeide/plugins/com.st.stm32cube.ide.mcu.externaltools.gnu-tools-for-stm32.10.3-2021.10.win32_1.0.0.202111181127/tools/bin/../lib/gcc/arm-none-eabi/10.3.1/../../../../arm-none-eabi/lib/thumb/v7-m/nofp\libm.a
LOAD c:/st/stm32cubeide_1.8.0/stm32cubeide/plugins/com.st.stm32cube.ide.mcu.externaltools.gnu-tools-for-stm32.10.3-2021.10.win32_1.0.0.202111181127/tools/bin/../lib/gcc/arm-none-eabi/10.3.1/thumb/v7-m/nofp\libgcc.a

.debug_info     0x0000000000000000    0x116f1
 .debug_info    0x0000000000000000      0x90f ./Core/Src/Thruster.o
 .debug_info    0x000000000000090f      0xb5c ./Core/Src/adc_work.o
 .debug_info    0x000000000000146b      0xde2 ./Core/Src/communication.o
 .debug_info    0x000000000000224d      0x1a5 ./Core/Src/crc.o
 .debug_info    0x00000000000023f2     0x177b ./Core/Src/main.o
 .debug_info    0x0000000000003b6d      0x127 ./Core/Src/proce_pcb.o
 .debug_info    0x0000000000003c94     0x132d ./Core/Src/stm32f1xx_hal_msp.o
 .debug_info    0x0000000000004fc1      0xa63 ./Core/Src/stm32f1xx_it.o
 .debug_info    0x0000000000005a24      0x27a ./Core/Src/system_stm32f1xx.o
 .debug_info    0x0000000000005c9e       0x22 ./Core/Startup/startup_stm32f105rctx.o
 .debug_info    0x0000000000005cc0      0x7b0 ./Drivers/STM32F1xx_HAL_Driver/Src/stm32f1xx_hal.o
 .debug_info    0x0000000000006470      0xcfe ./Drivers/STM32F1xx_HAL_Driver/Src/stm32f1xx_hal_adc.o
 .debug_info    0x000000000000716e      0xa94 ./Drivers/STM32F1xx_HAL_Driver/Src/stm32f1xx_hal_adc_ex.o
 .debug_info    0x0000000000007c02      0xb80 ./Drivers/STM32F1xx_HAL_Driver/Src/stm32f1xx_hal_cortex.o
 .debug_info    0x0000000000008782      0x744 ./Drivers/STM32F1xx_HAL_Driver/Src/stm32f1xx_hal_dma.o
 .debug_info    0x0000000000008ec6      0x631 ./Drivers/STM32F1xx_HAL_Driver/Src/stm32f1xx_hal_gpio.o
 .debug_info    0x00000000000094f7      0x911 ./Drivers/STM32F1xx_HAL_Driver/Src/stm32f1xx_hal_rcc.o
 .debug_info    0x0000000000009e08      0x5c5 ./Drivers/STM32F1xx_HAL_Driver/Src/stm32f1xx_hal_rcc_ex.o
 .debug_info    0x000000000000a3cd     0x2bab ./Drivers/STM32F1xx_HAL_Driver/Src/stm32f1xx_hal_tim.o
 .debug_info    0x000000000000cf78     0x15c7 ./Drivers/STM32F1xx_HAL_Driver/Src/stm32f1xx_hal_tim_ex.o
 .debug_info    0x000000000000e53f     0x31b2 ./Drivers/STM32F1xx_HAL_Driver/Src/stm32f1xx_hal_uart.o

.debug_abbrev   0x0000000000000000     0x2841
 .debug_abbrev  0x0000000000000000      0x24d ./Core/Src/Thruster.o
 .debug_abbrev  0x000000000000024d      0x1d5 ./Core/Src/adc_work.o
 .debug_abbrev  0x0000000000000422      0x254 ./Core/Src/communication.o
 .debug_abbrev  0x0000000000000676       0xb2 ./Core/Src/crc.o
 .debug_abbrev  0x0000000000000728      0x2c6 ./Core/Src/main.o
 .debug_abbrev  0x00000000000009ee       0x7f ./Core/Src/proce_pcb.o
 .debug_abbrev  0x0000000000000a6d      0x247 ./Core/Src/stm32f1xx_hal_msp.o
 .debug_abbrev  0x0000000000000cb4      0x1a5 ./Core/Src/stm32f1xx_it.o
 .debug_abbrev  0x0000000000000e59      0x116 ./Core/Src/system_stm32f1xx.o
 .debug_abbrev  0x0000000000000f6f       0x12 ./Core/Startup/startup_stm32f105rctx.o
 .debug_abbrev  0x0000000000000f81      0x1fb ./Drivers/STM32F1xx_HAL_Driver/Src/stm32f1xx_hal.o
 .debug_abbrev  0x000000000000117c      0x210 ./Drivers/STM32F1xx_HAL_Driver/Src/stm32f1xx_hal_adc.o
 .debug_abbrev  0x000000000000138c      0x234 ./Drivers/STM32F1xx_HAL_Driver/Src/stm32f1xx_hal_adc_ex.o
 .debug_abbrev  0x00000000000015c0      0x2ed ./Drivers/STM32F1xx_HAL_Driver/Src/stm32f1xx_hal_cortex.o
 .debug_abbrev  0x00000000000018ad      0x1fe ./Drivers/STM32F1xx_HAL_Driver/Src/stm32f1xx_hal_dma.o
 .debug_abbrev  0x0000000000001aab      0x1bb ./Drivers/STM32F1xx_HAL_Driver/Src/stm32f1xx_hal_gpio.o
 .debug_abbrev  0x0000000000001c66      0x28a ./Drivers/STM32F1xx_HAL_Driver/Src/stm32f1xx_hal_rcc.o
 .debug_abbrev  0x0000000000001ef0      0x1a2 ./Drivers/STM32F1xx_HAL_Driver/Src/stm32f1xx_hal_rcc_ex.o
 .debug_abbrev  0x0000000000002092      0x264 ./Drivers/STM32F1xx_HAL_Driver/Src/stm32f1xx_hal_tim.o
 .debug_abbrev  0x00000000000022f6      0x26c ./Drivers/STM32F1xx_HAL_Driver/Src/stm32f1xx_hal_tim_ex.o
 .debug_abbrev  0x0000000000002562      0x2df ./Drivers/STM32F1xx_HAL_Driver/Src/stm32f1xx_hal_uart.o

.debug_aranges  0x0000000000000000      0xf00
 .debug_aranges
                0x0000000000000000       0x40 ./Core/Src/Thruster.o
 .debug_aranges
                0x0000000000000040       0x30 ./Core/Src/adc_work.o
 .debug_aranges
                0x0000000000000070       0x48 ./Core/Src/communication.o
 .debug_aranges
                0x00000000000000b8       0x28 ./Core/Src/crc.o
 .debug_aranges
                0x00000000000000e0       0x70 ./Core/Src/main.o
 .debug_aranges
                0x0000000000000150       0x28 ./Core/Src/proce_pcb.o
 .debug_aranges
                0x0000000000000178       0x58 ./Core/Src/stm32f1xx_hal_msp.o
 .debug_aranges
                0x00000000000001d0       0x98 ./Core/Src/stm32f1xx_it.o
 .debug_aranges
                0x0000000000000268       0x28 ./Core/Src/system_stm32f1xx.o
 .debug_aranges
                0x0000000000000290       0x28 ./Core/Startup/startup_stm32f105rctx.o
 .debug_aranges
                0x00000000000002b8       0xe0 ./Drivers/STM32F1xx_HAL_Driver/Src/stm32f1xx_hal.o
 .debug_aranges
                0x0000000000000398       0xf0 ./Drivers/STM32F1xx_HAL_Driver/Src/stm32f1xx_hal_adc.o
 .debug_aranges
                0x0000000000000488       0x80 ./Drivers/STM32F1xx_HAL_Driver/Src/stm32f1xx_hal_adc_ex.o
 .debug_aranges
                0x0000000000000508      0x100 ./Drivers/STM32F1xx_HAL_Driver/Src/stm32f1xx_hal_cortex.o
 .debug_aranges
                0x0000000000000608       0x80 ./Drivers/STM32F1xx_HAL_Driver/Src/stm32f1xx_hal_dma.o
 .debug_aranges
                0x0000000000000688       0x58 ./Drivers/STM32F1xx_HAL_Driver/Src/stm32f1xx_hal_gpio.o
 .debug_aranges
                0x00000000000006e0       0x90 ./Drivers/STM32F1xx_HAL_Driver/Src/stm32f1xx_hal_rcc.o
 .debug_aranges
                0x0000000000000770       0x50 ./Drivers/STM32F1xx_HAL_Driver/Src/stm32f1xx_hal_rcc_ex.o
 .debug_aranges
                0x00000000000007c0      0x3d0 ./Drivers/STM32F1xx_HAL_Driver/Src/stm32f1xx_hal_tim.o
 .debug_aranges
                0x0000000000000b90      0x168 ./Drivers/STM32F1xx_HAL_Driver/Src/stm32f1xx_hal_tim_ex.o
 .debug_aranges
                0x0000000000000cf8      0x208 ./Drivers/STM32F1xx_HAL_Driver/Src/stm32f1xx_hal_uart.o

.debug_ranges   0x0000000000000000      0xde8
 .debug_ranges  0x0000000000000000       0x30 ./Core/Src/Thruster.o
 .debug_ranges  0x0000000000000030       0x20 ./Core/Src/adc_work.o
 .debug_ranges  0x0000000000000050       0x38 ./Core/Src/communication.o
 .debug_ranges  0x0000000000000088       0x18 ./Core/Src/crc.o
 .debug_ranges  0x00000000000000a0       0x60 ./Core/Src/main.o
 .debug_ranges  0x0000000000000100       0x18 ./Core/Src/proce_pcb.o
 .debug_ranges  0x0000000000000118       0x48 ./Core/Src/stm32f1xx_hal_msp.o
 .debug_ranges  0x0000000000000160       0x88 ./Core/Src/stm32f1xx_it.o
 .debug_ranges  0x00000000000001e8       0x18 ./Core/Src/system_stm32f1xx.o
 .debug_ranges  0x0000000000000200       0x20 ./Core/Startup/startup_stm32f105rctx.o
 .debug_ranges  0x0000000000000220       0xd0 ./Drivers/STM32F1xx_HAL_Driver/Src/stm32f1xx_hal.o
 .debug_ranges  0x00000000000002f0       0xe0 ./Drivers/STM32F1xx_HAL_Driver/Src/stm32f1xx_hal_adc.o
 .debug_ranges  0x00000000000003d0       0x70 ./Drivers/STM32F1xx_HAL_Driver/Src/stm32f1xx_hal_adc_ex.o
 .debug_ranges  0x0000000000000440       0xf0 ./Drivers/STM32F1xx_HAL_Driver/Src/stm32f1xx_hal_cortex.o
 .debug_ranges  0x0000000000000530       0x70 ./Drivers/STM32F1xx_HAL_Driver/Src/stm32f1xx_hal_dma.o
 .debug_ranges  0x00000000000005a0       0x48 ./Drivers/STM32F1xx_HAL_Driver/Src/stm32f1xx_hal_gpio.o
 .debug_ranges  0x00000000000005e8       0x80 ./Drivers/STM32F1xx_HAL_Driver/Src/stm32f1xx_hal_rcc.o
 .debug_ranges  0x0000000000000668       0x40 ./Drivers/STM32F1xx_HAL_Driver/Src/stm32f1xx_hal_rcc_ex.o
 .debug_ranges  0x00000000000006a8      0x3c0 ./Drivers/STM32F1xx_HAL_Driver/Src/stm32f1xx_hal_tim.o
 .debug_ranges  0x0000000000000a68      0x158 ./Drivers/STM32F1xx_HAL_Driver/Src/stm32f1xx_hal_tim_ex.o
 .debug_ranges  0x0000000000000bc0      0x228 ./Drivers/STM32F1xx_HAL_Driver/Src/stm32f1xx_hal_uart.o

.debug_macro    0x0000000000000000    0x20173
 .debug_macro   0x0000000000000000      0x1dd ./Core/Src/Thruster.o
 .debug_macro   0x00000000000001dd      0xa6c ./Core/Src/Thruster.o
 .debug_macro   0x0000000000000c49      0x227 ./Core/Src/Thruster.o
 .debug_macro   0x0000000000000e70       0x2e ./Core/Src/Thruster.o
 .debug_macro   0x0000000000000e9e       0x22 ./Core/Src/Thruster.o
 .debug_macro   0x0000000000000ec0       0x22 ./Core/Src/Thruster.o
 .debug_macro   0x0000000000000ee2       0x8e ./Core/Src/Thruster.o
 .debug_macro   0x0000000000000f70       0x51 ./Core/Src/Thruster.o
 .debug_macro   0x0000000000000fc1      0x103 ./Core/Src/Thruster.o
 .debug_macro   0x00000000000010c4       0x6a ./Core/Src/Thruster.o
 .debug_macro   0x000000000000112e      0x1df ./Core/Src/Thruster.o
 .debug_macro   0x000000000000130d       0x1c ./Core/Src/Thruster.o
 .debug_macro   0x0000000000001329       0x22 ./Core/Src/Thruster.o
 .debug_macro   0x000000000000134b       0xbd ./Core/Src/Thruster.o
 .debug_macro   0x0000000000001408      0xd23 ./Core/Src/Thruster.o
 .debug_macro   0x000000000000212b    0x14912 ./Core/Src/Thruster.o
 .debug_macro   0x0000000000016a3d       0x6d ./Core/Src/Thruster.o
 .debug_macro   0x0000000000016aaa     0x348d ./Core/Src/Thruster.o
 .debug_macro   0x0000000000019f37      0x174 ./Core/Src/Thruster.o
 .debug_macro   0x000000000001a0ab       0x5c ./Core/Src/Thruster.o
 .debug_macro   0x000000000001a107      0x5bc ./Core/Src/Thruster.o
 .debug_macro   0x000000000001a6c3      0x644 ./Core/Src/Thruster.o
 .debug_macro   0x000000000001ad07      0x1cb ./Core/Src/Thruster.o
 .debug_macro   0x000000000001aed2      0x114 ./Core/Src/Thruster.o
 .debug_macro   0x000000000001afe6      0x214 ./Core/Src/Thruster.o
 .debug_macro   0x000000000001b1fa       0x27 ./Core/Src/Thruster.o
 .debug_macro   0x000000000001b221      0x13c ./Core/Src/Thruster.o
 .debug_macro   0x000000000001b35d      0x1bc ./Core/Src/Thruster.o
 .debug_macro   0x000000000001b519       0x30 ./Core/Src/Thruster.o
 .debug_macro   0x000000000001b549       0x3c ./Core/Src/Thruster.o
 .debug_macro   0x000000000001b585       0x57 ./Core/Src/Thruster.o
 .debug_macro   0x000000000001b5dc      0x46a ./Core/Src/Thruster.o
 .debug_macro   0x000000000001ba46      0x1c3 ./Core/Src/Thruster.o
 .debug_macro   0x000000000001bc09       0x87 ./Core/Src/Thruster.o
 .debug_macro   0x000000000001bc90      0x24f ./Core/Src/Thruster.o
 .debug_macro   0x000000000001bedf      0x140 ./Core/Src/Thruster.o
 .debug_macro   0x000000000001c01f      0x8ed ./Core/Src/Thruster.o
 .debug_macro   0x000000000001c90c      0x28e ./Core/Src/Thruster.o
 .debug_macro   0x000000000001cb9a       0xdf ./Core/Src/Thruster.o
 .debug_macro   0x000000000001cc79       0xa0 ./Core/Src/Thruster.o
 .debug_macro   0x000000000001cd19       0x10 ./Core/Src/Thruster.o
 .debug_macro   0x000000000001cd29       0x22 ./Core/Src/Thruster.o
 .debug_macro   0x000000000001cd4b       0x1c ./Core/Src/Thruster.o
 .debug_macro   0x000000000001cd67      0x1f5 ./Core/Src/adc_work.o
 .debug_macro   0x000000000001cf5c      0x2fe ./Core/Src/communication.o
 .debug_macro   0x000000000001d25a       0x4c ./Core/Src/communication.o
 .debug_macro   0x000000000001d2a6       0x18 ./Core/Src/communication.o
 .debug_macro   0x000000000001d2be       0x94 ./Core/Src/communication.o
 .debug_macro   0x000000000001d352       0x3c ./Core/Src/communication.o
 .debug_macro   0x000000000001d38e       0x34 ./Core/Src/communication.o
 .debug_macro   0x000000000001d3c2       0x16 ./Core/Src/communication.o
 .debug_macro   0x000000000001d3d8       0x43 ./Core/Src/communication.o
 .debug_macro   0x000000000001d41b       0x57 ./Core/Src/communication.o
 .debug_macro   0x000000000001d472       0x34 ./Core/Src/communication.o
 .debug_macro   0x000000000001d4a6       0x10 ./Core/Src/communication.o
 .debug_macro   0x000000000001d4b6       0x58 ./Core/Src/communication.o
 .debug_macro   0x000000000001d50e       0x71 ./Core/Src/communication.o
 .debug_macro   0x000000000001d57f       0x1c ./Core/Src/communication.o
 .debug_macro   0x000000000001d59b      0x12a ./Core/Src/communication.o
 .debug_macro   0x000000000001d6c5      0x341 ./Core/Src/communication.o
 .debug_macro   0x000000000001da06       0x10 ./Core/Src/communication.o
 .debug_macro   0x000000000001da16       0x35 ./Core/Src/communication.o
 .debug_macro   0x000000000001da4b       0x20 ./Core/Src/communication.o
 .debug_macro   0x000000000001da6b       0x16 ./Core/Src/communication.o
 .debug_macro   0x000000000001da81       0x16 ./Core/Src/communication.o
 .debug_macro   0x000000000001da97       0x29 ./Core/Src/communication.o
 .debug_macro   0x000000000001dac0       0x1c ./Core/Src/communication.o
 .debug_macro   0x000000000001dadc       0x56 ./Core/Src/communication.o
 .debug_macro   0x000000000001db32      0x132 ./Core/Src/crc.o
 .debug_macro   0x000000000001dc64      0x10e ./Core/Src/crc.o
 .debug_macro   0x000000000001dd72       0x8d ./Core/Src/crc.o
 .debug_macro   0x000000000001ddff      0x1eb ./Core/Src/main.o
 .debug_macro   0x000000000001dfea      0x3b6 ./Core/Src/proce_pcb.o
 .debug_macro   0x000000000001e3a0       0x52 ./Core/Src/proce_pcb.o
 .debug_macro   0x000000000001e3f2       0x1c ./Core/Src/proce_pcb.o
 .debug_macro   0x000000000001e40e       0x10 ./Core/Src/proce_pcb.o
 .debug_macro   0x000000000001e41e       0x10 ./Core/Src/proce_pcb.o
 .debug_macro   0x000000000001e42e       0x1c ./Core/Src/proce_pcb.o
 .debug_macro   0x000000000001e44a       0x52 ./Core/Src/proce_pcb.o
 .debug_macro   0x000000000001e49c       0x22 ./Core/Src/proce_pcb.o
 .debug_macro   0x000000000001e4be       0x10 ./Core/Src/proce_pcb.o
 .debug_macro   0x000000000001e4ce       0x52 ./Core/Src/proce_pcb.o
 .debug_macro   0x000000000001e520       0xd5 ./Core/Src/proce_pcb.o
 .debug_macro   0x000000000001e5f5       0x1c ./Core/Src/proce_pcb.o
 .debug_macro   0x000000000001e611       0x3d ./Core/Src/proce_pcb.o
 .debug_macro   0x000000000001e64e       0x16 ./Core/Src/proce_pcb.o
 .debug_macro   0x000000000001e664      0x145 ./Core/Src/proce_pcb.o
 .debug_macro   0x000000000001e7a9       0xa6 ./Core/Src/proce_pcb.o
 .debug_macro   0x000000000001e84f       0x28 ./Core/Src/proce_pcb.o
 .debug_macro   0x000000000001e877      0x1c6 ./Core/Src/stm32f1xx_hal_msp.o
 .debug_macro   0x000000000001ea3d      0x1d0 ./Core/Src/stm32f1xx_it.o
 .debug_macro   0x000000000001ec0d      0x1b7 ./Core/Src/system_stm32f1xx.o
 .debug_macro   0x000000000001edc4      0x1db ./Drivers/STM32F1xx_HAL_Driver/Src/stm32f1xx_hal.o
 .debug_macro   0x000000000001ef9f      0x1d4 ./Drivers/STM32F1xx_HAL_Driver/Src/stm32f1xx_hal_adc.o
 .debug_macro   0x000000000001f173      0x1c9 ./Drivers/STM32F1xx_HAL_Driver/Src/stm32f1xx_hal_adc_ex.o
 .debug_macro   0x000000000001f33c      0x1b7 ./Drivers/STM32F1xx_HAL_Driver/Src/stm32f1xx_hal_cortex.o
 .debug_macro   0x000000000001f4f3      0x1b7 ./Drivers/STM32F1xx_HAL_Driver/Src/stm32f1xx_hal_dma.o
 .debug_macro   0x000000000001f6aa      0x222 ./Drivers/STM32F1xx_HAL_Driver/Src/stm32f1xx_hal_gpio.o
 .debug_macro   0x000000000001f8cc      0x1c9 ./Drivers/STM32F1xx_HAL_Driver/Src/stm32f1xx_hal_rcc.o
 .debug_macro   0x000000000001fa95      0x1b7 ./Drivers/STM32F1xx_HAL_Driver/Src/stm32f1xx_hal_rcc_ex.o
 .debug_macro   0x000000000001fc4c      0x1b8 ./Drivers/STM32F1xx_HAL_Driver/Src/stm32f1xx_hal_tim.o
 .debug_macro   0x000000000001fe04      0x1b7 ./Drivers/STM32F1xx_HAL_Driver/Src/stm32f1xx_hal_tim_ex.o
 .debug_macro   0x000000000001ffbb      0x1b8 ./Drivers/STM32F1xx_HAL_Driver/Src/stm32f1xx_hal_uart.o

.debug_line     0x0000000000000000    0x1296d
 .debug_line    0x0000000000000000      0x8c3 ./Core/Src/Thruster.o
 .debug_line    0x00000000000008c3      0x762 ./Core/Src/adc_work.o
 .debug_line    0x0000000000001025      0x9d3 ./Core/Src/communication.o
 .debug_line    0x00000000000019f8      0x581 ./Core/Src/crc.o
 .debug_line    0x0000000000001f79      0xab1 ./Core/Src/main.o
 .debug_line    0x0000000000002a2a      0x936 ./Core/Src/proce_pcb.o
 .debug_line    0x0000000000003360      0x8ed ./Core/Src/stm32f1xx_hal_msp.o
 .debug_line    0x0000000000003c4d      0x809 ./Core/Src/stm32f1xx_it.o
 .debug_line    0x0000000000004456      0x754 ./Core/Src/system_stm32f1xx.o
 .debug_line    0x0000000000004baa       0x86 ./Core/Startup/startup_stm32f105rctx.o
 .debug_line    0x0000000000004c30      0x94c ./Drivers/STM32F1xx_HAL_Driver/Src/stm32f1xx_hal.o
 .debug_line    0x000000000000557c      0xfcf ./Drivers/STM32F1xx_HAL_Driver/Src/stm32f1xx_hal_adc.o
 .debug_line    0x000000000000654b      0xd13 ./Drivers/STM32F1xx_HAL_Driver/Src/stm32f1xx_hal_adc_ex.o
 .debug_line    0x000000000000725e      0xb32 ./Drivers/STM32F1xx_HAL_Driver/Src/stm32f1xx_hal_cortex.o
 .debug_line    0x0000000000007d90     0x1275 ./Drivers/STM32F1xx_HAL_Driver/Src/stm32f1xx_hal_dma.o
 .debug_line    0x0000000000009005      0x9e3 ./Drivers/STM32F1xx_HAL_Driver/Src/stm32f1xx_hal_gpio.o
 .debug_line    0x00000000000099e8      0xe8e ./Drivers/STM32F1xx_HAL_Driver/Src/stm32f1xx_hal_rcc.o
 .debug_line    0x000000000000a876      0xb86 ./Drivers/STM32F1xx_HAL_Driver/Src/stm32f1xx_hal_rcc_ex.o
 .debug_line    0x000000000000b3fc     0x3422 ./Drivers/STM32F1xx_HAL_Driver/Src/stm32f1xx_hal_tim.o
 .debug_line    0x000000000000e81e     0x18d4 ./Drivers/STM32F1xx_HAL_Driver/Src/stm32f1xx_hal_tim_ex.o
 .debug_line    0x00000000000100f2     0x287b ./Drivers/STM32F1xx_HAL_Driver/Src/stm32f1xx_hal_uart.o

.debug_str      0x0000000000000000    0xb8e14
 .debug_str     0x0000000000000000    0xb1186 ./Core/Src/Thruster.o
                                      0xb1593 (size before relaxing)
 .debug_str     0x00000000000b1186      0x1df ./Core/Src/adc_work.o
                                      0xb16de (size before relaxing)
 .debug_str     0x00000000000b1365     0x3265 ./Core/Src/communication.o
                                      0xb47dd (size before relaxing)
 .debug_str     0x00000000000b45ca       0x58 ./Core/Src/crc.o
                                       0x6de7 (size before relaxing)
 .debug_str     0x00000000000b4622      0x976 ./Core/Src/main.o
                                      0xb2204 (size before relaxing)
 .debug_str     0x00000000000b4f98      0xfd4 ./Core/Src/proce_pcb.o
                                      0xb4eb4 (size before relaxing)
 .debug_str     0x00000000000b5f6c      0x113 ./Core/Src/stm32f1xx_hal_msp.o
                                      0xb1c86 (size before relaxing)
 .debug_str     0x00000000000b607f      0x180 ./Core/Src/stm32f1xx_it.o
                                      0xb170a (size before relaxing)
 .debug_str     0x00000000000b61ff       0xb1 ./Core/Src/system_stm32f1xx.o
                                      0xb0d60 (size before relaxing)
 .debug_str     0x00000000000b62b0       0x36 ./Core/Startup/startup_stm32f105rctx.o
                                         0x75 (size before relaxing)
 .debug_str     0x00000000000b62e6      0x384 ./Drivers/STM32F1xx_HAL_Driver/Src/stm32f1xx_hal.o
                                      0xb153a (size before relaxing)
 .debug_str     0x00000000000b666a      0x355 ./Drivers/STM32F1xx_HAL_Driver/Src/stm32f1xx_hal_adc.o
                                      0xb1409 (size before relaxing)
 .debug_str     0x00000000000b69bf      0x2bc ./Drivers/STM32F1xx_HAL_Driver/Src/stm32f1xx_hal_adc_ex.o
                                      0xb13d9 (size before relaxing)
 .debug_str     0x00000000000b6c7b      0x28e ./Drivers/STM32F1xx_HAL_Driver/Src/stm32f1xx_hal_cortex.o
                                      0xb1478 (size before relaxing)
 .debug_str     0x00000000000b6f09      0x1e2 ./Drivers/STM32F1xx_HAL_Driver/Src/stm32f1xx_hal_dma.o
                                      0xb10ce (size before relaxing)
 .debug_str     0x00000000000b70eb      0x2bd ./Drivers/STM32F1xx_HAL_Driver/Src/stm32f1xx_hal_gpio.o
                                      0xb10b9 (size before relaxing)
 .debug_str     0x00000000000b73a8      0x244 ./Drivers/STM32F1xx_HAL_Driver/Src/stm32f1xx_hal_rcc.o
                                      0xb11cf (size before relaxing)
 .debug_str     0x00000000000b75ec      0x104 ./Drivers/STM32F1xx_HAL_Driver/Src/stm32f1xx_hal_rcc_ex.o
                                      0xb0fdd (size before relaxing)
 .debug_str     0x00000000000b76f0      0xdaf ./Drivers/STM32F1xx_HAL_Driver/Src/stm32f1xx_hal_tim.o
                                      0xb2146 (size before relaxing)
 .debug_str     0x00000000000b849f      0x3e1 ./Drivers/STM32F1xx_HAL_Driver/Src/stm32f1xx_hal_tim_ex.o
                                      0xb1962 (size before relaxing)
 .debug_str     0x00000000000b8880      0x594 ./Drivers/STM32F1xx_HAL_Driver/Src/stm32f1xx_hal_uart.o
                                      0xb17c5 (size before relaxing)

.comment        0x0000000000000000       0x50
 .comment       0x0000000000000000       0x50 ./Core/Src/Thruster.o
                                         0x51 (size before relaxing)
 .comment       0x0000000000000050       0x51 ./Core/Src/adc_work.o
 .comment       0x0000000000000050       0x51 ./Core/Src/communication.o
 .comment       0x0000000000000050       0x51 ./Core/Src/crc.o
 .comment       0x0000000000000050       0x51 ./Core/Src/main.o
 .comment       0x0000000000000050       0x51 ./Core/Src/proce_pcb.o
 .comment       0x0000000000000050       0x51 ./Core/Src/stm32f1xx_hal_msp.o
 .comment       0x0000000000000050       0x51 ./Core/Src/stm32f1xx_it.o
 .comment       0x0000000000000050       0x51 ./Core/Src/system_stm32f1xx.o
 .comment       0x0000000000000050       0x51 ./Drivers/STM32F1xx_HAL_Driver/Src/stm32f1xx_hal.o
 .comment       0x0000000000000050       0x51 ./Drivers/STM32F1xx_HAL_Driver/Src/stm32f1xx_hal_adc.o
 .comment       0x0000000000000050       0x51 ./Drivers/STM32F1xx_HAL_Driver/Src/stm32f1xx_hal_adc_ex.o
 .comment       0x0000000000000050       0x51 ./Drivers/STM32F1xx_HAL_Driver/Src/stm32f1xx_hal_cortex.o
 .comment       0x0000000000000050       0x51 ./Drivers/STM32F1xx_HAL_Driver/Src/stm32f1xx_hal_dma.o
 .comment       0x0000000000000050       0x51 ./Drivers/STM32F1xx_HAL_Driver/Src/stm32f1xx_hal_gpio.o
 .comment       0x0000000000000050       0x51 ./Drivers/STM32F1xx_HAL_Driver/Src/stm32f1xx_hal_rcc.o
 .comment       0x0000000000000050       0x51 ./Drivers/STM32F1xx_HAL_Driver/Src/stm32f1xx_hal_rcc_ex.o
 .comment       0x0000000000000050       0x51 ./Drivers/STM32F1xx_HAL_Driver/Src/stm32f1xx_hal_tim.o
 .comment       0x0000000000000050       0x51 ./Drivers/STM32F1xx_HAL_Driver/Src/stm32f1xx_hal_tim_ex.o
 .comment       0x0000000000000050       0x51 ./Drivers/STM32F1xx_HAL_Driver/Src/stm32f1xx_hal_uart.o

.debug_frame    0x0000000000000000     0x3d88
 .debug_frame   0x0000000000000000       0xc0 ./Core/Src/Thruster.o
 .debug_frame   0x00000000000000c0       0x70 ./Core/Src/adc_work.o
 .debug_frame   0x0000000000000130       0xe4 ./Core/Src/communication.o
 .debug_frame   0x0000000000000214       0x5c ./Core/Src/crc.o
 .debug_frame   0x0000000000000270      0x178 ./Core/Src/main.o
 .debug_frame   0x00000000000003e8       0x48 ./Core/Src/proce_pcb.o
 .debug_frame   0x0000000000000430      0x134 ./Core/Src/stm32f1xx_hal_msp.o
 .debug_frame   0x0000000000000564      0x1c8 ./Core/Src/stm32f1xx_it.o
 .debug_frame   0x000000000000072c       0x58 ./Core/Src/system_stm32f1xx.o
 .debug_frame   0x0000000000000784      0x334 ./Drivers/STM32F1xx_HAL_Driver/Src/stm32f1xx_hal.o
 .debug_frame   0x0000000000000ab8      0x40c ./Drivers/STM32F1xx_HAL_Driver/Src/stm32f1xx_hal_adc.o
 .debug_frame   0x0000000000000ec4      0x200 ./Drivers/STM32F1xx_HAL_Driver/Src/stm32f1xx_hal_adc_ex.o
 .debug_frame   0x00000000000010c4      0x428 ./Drivers/STM32F1xx_HAL_Driver/Src/stm32f1xx_hal_cortex.o
 .debug_frame   0x00000000000014ec      0x20c ./Drivers/STM32F1xx_HAL_Driver/Src/stm32f1xx_hal_dma.o
 .debug_frame   0x00000000000016f8      0x14c ./Drivers/STM32F1xx_HAL_Driver/Src/stm32f1xx_hal_gpio.o
 .debug_frame   0x0000000000001844      0x220 ./Drivers/STM32F1xx_HAL_Driver/Src/stm32f1xx_hal_rcc.o
 .debug_frame   0x0000000000001a64      0x118 ./Drivers/STM32F1xx_HAL_Driver/Src/stm32f1xx_hal_rcc_ex.o
 .debug_frame   0x0000000000001b7c     0x11bc ./Drivers/STM32F1xx_HAL_Driver/Src/stm32f1xx_hal_tim.o
 .debug_frame   0x0000000000002d38      0x638 ./Drivers/STM32F1xx_HAL_Driver/Src/stm32f1xx_hal_tim_ex.o
 .debug_frame   0x0000000000003370      0x944 ./Drivers/STM32F1xx_HAL_Driver/Src/stm32f1xx_hal_uart.o
 .debug_frame   0x0000000000003cb4       0x2c c:/st/stm32cubeide_1.8.0/stm32cubeide/plugins/com.st.stm32cube.ide.mcu.externaltools.gnu-tools-for-stm32.10.3-2021.10.win32_1.0.0.202111181127/tools/bin/../lib/gcc/arm-none-eabi/10.3.1/../../../../arm-none-eabi/lib/thumb/v7-m/nofp\libc_nano.a(lib_a-init.o)
 .debug_frame   0x0000000000003ce0       0x28 c:/st/stm32cubeide_1.8.0/stm32cubeide/plugins/com.st.stm32cube.ide.mcu.externaltools.gnu-tools-for-stm32.10.3-2021.10.win32_1.0.0.202111181127/tools/bin/../lib/gcc/arm-none-eabi/10.3.1/../../../../arm-none-eabi/lib/thumb/v7-m/nofp\libc_nano.a(lib_a-memcpy-stub.o)
 .debug_frame   0x0000000000003d08       0x20 c:/st/stm32cubeide_1.8.0/stm32cubeide/plugins/com.st.stm32cube.ide.mcu.externaltools.gnu-tools-for-stm32.10.3-2021.10.win32_1.0.0.202111181127/tools/bin/../lib/gcc/arm-none-eabi/10.3.1/../../../../arm-none-eabi/lib/thumb/v7-m/nofp\libc_nano.a(lib_a-memset.o)
 .debug_frame   0x0000000000003d28       0x2c c:/st/stm32cubeide_1.8.0/stm32cubeide/plugins/com.st.stm32cube.ide.mcu.externaltools.gnu-tools-for-stm32.10.3-2021.10.win32_1.0.0.202111181127/tools/bin/../lib/gcc/arm-none-eabi/10.3.1/thumb/v7-m/nofp\libgcc.a(_aeabi_uldivmod.o)
 .debug_frame   0x0000000000003d54       0x34 c:/st/stm32cubeide_1.8.0/stm32cubeide/plugins/com.st.stm32cube.ide.mcu.externaltools.gnu-tools-for-stm32.10.3-2021.10.win32_1.0.0.202111181127/tools/bin/../lib/gcc/arm-none-eabi/10.3.1/thumb/v7-m/nofp\libgcc.a(_udivmoddi4.o)
