../Core/Src/main.c:87:5:main	8	static
../Core/Src/main.c:183:6:SystemClock_Config	120	static
../Core/Src/main.c:235:13:MX_ADC1_Init	24	static
../Core/Src/main.c:408:13:MX_TIM1_Init	80	static
../Core/Src/main.c:485:13:MX_TIM2_Init	48	static
../Core/Src/main.c:546:13:MX_TIM3_Init	48	static
../Core/Src/main.c:595:13:MX_UART4_Init	8	static
../Core/Src/main.c:628:13:MX_UART5_Init	8	static
../Core/Src/main.c:659:13:MX_DMA_Init	16	static
../Core/Src/main.c:684:13:MX_GPIO_Init	40	static
../Core/Src/main.c:736:6:Error_Handler	4	static,ignoring_inline_asm
